Component: ARM Compiler 5.05 update 1 (build 106) Tool: armlink [4d0efa]

==============================================================================

Section Cross References

    main.o(i.System_init) refers to uart.o(i.USART_init) for USART_init
    main.o(i.System_init) refers to adc.o(i.Adc_Init) for Adc_Init
    main.o(i.System_init) refers to systick.o(i.SysTick_init) for SysTick_init
    main.o(i.System_init) refers to oled.o(i.OLED_Init) for OLED_Init
    main.o(i.System_init) refers to oled.o(i.OLED_Clear) for OLED_Clear
    main.o(i.System_init) refers to bell.o(i.Bell_Init) for Bell_Init
    main.o(i.System_init) refers to dht11.o(i.DHT11_Init) for DHT11_Init
    main.o(i.System_init) refers to myiic.o(i.IIC_Init) for IIC_Init
    main.o(i.System_init) refers to bh1750.o(i.BH1750_Init) for BH1750_Init
    main.o(i.System_init) refers to gp2y.o(i.GP2Y_ADC_init) for GP2Y_ADC_init
    main.o(i.System_init) refers to display.o(i.Disp_Init) for Disp_Init
    main.o(i.System_init) refers to time.o(i.TIME3_Init) for TIME3_Init
    main.o(i.System_init) refers to stm32f10x_rcc.o(i.RCC_APB2PeriphClockCmd) for RCC_APB2PeriphClockCmd
    main.o(i.System_init) refers to misc.o(i.NVIC_PriorityGroupConfig) for NVIC_PriorityGroupConfig
    main.o(i.System_init) refers to exinterrupt.o(i.set_initGPIO) for set_initGPIO
    main.o(i.System_init) refers to exinterrupt.o(i.init_Ex_interrupt) for init_Ex_interrupt
    main.o(i.System_init) refers to stm32f10x_gpio.o(i.GPIO_ResetBits) for GPIO_ResetBits
    main.o(i.main) refers to main.o(i.System_init) for System_init
    main.o(i.main) refers to manager.o(i.get_Show_Data) for get_Show_Data
    main.o(i.main) refers to display.o(i.SHOW_PAGE) for SHOW_PAGE
    main.o(i.main) refers to bell.o(i.Bell_Alarm) for Bell_Alarm
    main.o(i.main) refers to uart.o(i.send_Normal_data) for send_Normal_data
    main.o(i.main) refers to systick.o(i.delay_ms) for delay_ms
    main.o(i.main) refers to time.o(.data) for FRESH_DISP_FLAG
    main.o(i.main) refers to main.o(.bss) for Show_data
    main.o(i.main) refers to display.o(.data) for PAGE
    stm32f10x_it.o(i.EXTI15_10_IRQHandler) refers to stm32f10x_exti.o(i.EXTI_GetITStatus) for EXTI_GetITStatus
    stm32f10x_it.o(i.EXTI15_10_IRQHandler) refers to stm32f10x_exti.o(i.EXTI_ClearITPendingBit) for EXTI_ClearITPendingBit
    stm32f10x_it.o(i.EXTI15_10_IRQHandler) refers to display.o(.data) for PAGE
    stm32f10x_it.o(i.USART1_IRQHandler) refers to stm32f10x_usart.o(i.USART_GetITStatus) for USART_GetITStatus
    stm32f10x_it.o(i.USART1_IRQHandler) refers to stm32f10x_usart.o(i.USART_ReceiveData) for USART_ReceiveData
    stm32f10x_it.o(i.USART1_IRQHandler) refers to stm32f10x_gpio.o(i.GPIO_SetBits) for GPIO_SetBits
    stm32f10x_it.o(i.USART1_IRQHandler) refers to stm32f10x_gpio.o(i.GPIO_ResetBits) for GPIO_ResetBits
    stm32f10x_it.o(i.USART1_IRQHandler) refers to bell.o(i.Bell_Alarm) for Bell_Alarm
    stm32f10x_it.o(i.USART1_IRQHandler) refers to stm32f10x_it.o(.data) for door_flag
    adc.o(i.Adc_Init) refers to stm32f10x_rcc.o(i.RCC_APB2PeriphClockCmd) for RCC_APB2PeriphClockCmd
    adc.o(i.Adc_Init) refers to stm32f10x_rcc.o(i.RCC_ADCCLKConfig) for RCC_ADCCLKConfig
    adc.o(i.Adc_Init) refers to stm32f10x_adc.o(i.ADC_DeInit) for ADC_DeInit
    adc.o(i.Adc_Init) refers to stm32f10x_adc.o(i.ADC_Init) for ADC_Init
    adc.o(i.Adc_Init) refers to stm32f10x_adc.o(i.ADC_Cmd) for ADC_Cmd
    adc.o(i.Adc_Init) refers to stm32f10x_adc.o(i.ADC_ResetCalibration) for ADC_ResetCalibration
    adc.o(i.Adc_Init) refers to stm32f10x_adc.o(i.ADC_GetResetCalibrationStatus) for ADC_GetResetCalibrationStatus
    adc.o(i.Adc_Init) refers to stm32f10x_adc.o(i.ADC_StartCalibration) for ADC_StartCalibration
    adc.o(i.Adc_Init) refers to stm32f10x_adc.o(i.ADC_GetCalibrationStatus) for ADC_GetCalibrationStatus
    adc.o(i.Get_Adc) refers to stm32f10x_adc.o(i.ADC_RegularChannelConfig) for ADC_RegularChannelConfig
    adc.o(i.Get_Adc) refers to stm32f10x_adc.o(i.ADC_SoftwareStartConvCmd) for ADC_SoftwareStartConvCmd
    adc.o(i.Get_Adc) refers to stm32f10x_adc.o(i.ADC_GetFlagStatus) for ADC_GetFlagStatus
    adc.o(i.Get_Adc) refers to stm32f10x_adc.o(i.ADC_GetConversionValue) for ADC_GetConversionValue
    adc.o(i.Get_Adc_Average) refers to adc.o(i.Get_Adc) for Get_Adc
    adc.o(i.Get_Adc_Average) refers to systick.o(i.delay_ms) for delay_ms
    systick.o(i.SysTick_init) refers to misc.o(i.SysTick_CLKSourceConfig) for SysTick_CLKSourceConfig
    systick.o(i.SysTick_init) refers to system_stm32f10x.o(.data) for SystemCoreClock
    systick.o(i.SysTick_init) refers to systick.o(.data) for fac_us
    systick.o(i.delay_ms) refers to systick.o(.data) for fac_ms
    systick.o(i.delay_us) refers to systick.o(.data) for fac_us
    oled.o(i.OLED_Clear) refers to oled.o(i.OLED_WR_Byte) for OLED_WR_Byte
    oled.o(i.OLED_Clear) refers to display.o(.data) for Clear_Oled
[...]
    Removing stm32f10x_bkp.o(i.BKP_TamperPinCmd), (12 bytes).
    Removing stm32f10x_bkp.o(i.BKP_TamperPinLevelConfig), (12 bytes).
    Removing stm32f10x_bkp.o(i.BKP_WriteBackupRegister), (28 bytes).
    Removing stm32f10x_can.o(i.CAN_CancelTransmit), (48 bytes).
    Removing stm32f10x_can.o(i.CAN_ClearFlag), (56 bytes).
    Removing stm32f10x_can.o(i.CAN_ClearITPendingBit), (168 bytes).
    Removing stm32f10x_can.o(i.CAN_DBGFreeze), (22 bytes).
    Removing stm32f10x_can.o(i.CAN_DeInit), (56 bytes).
    Removing stm32f10x_can.o(i.CAN_FIFORelease), (22 bytes).
    Removing stm32f10x_can.o(i.CAN_FilterInit), (264 bytes).
    Removing stm32f10x_can.o(i.CAN_GetFlagStatus), (120 bytes).
    Removing stm32f10x_can.o(i.CAN_GetITStatus), (288 bytes).
    Removing stm32f10x_can.o(i.CAN_GetLSBTransmitErrorCounter), (12 bytes).
    Removing stm32f10x_can.o(i.CAN_GetLastErrorCode), (12 bytes).
    Removing stm32f10x_can.o(i.CAN_GetReceiveErrorCounter), (10 bytes).
    Removing stm32f10x_can.o(i.CAN_ITConfig), (18 bytes).
    Removing stm32f10x_can.o(i.CAN_Init), (276 bytes).
    Removing stm32f10x_can.o(i.CAN_MessagePending), (30 bytes).
    Removing stm32f10x_can.o(i.CAN_OperatingModeRequest), (162 bytes).
    Removing stm32f10x_can.o(i.CAN_Receive), (240 bytes).
    Removing stm32f10x_can.o(i.CAN_SlaveStartBank), (52 bytes).
    Removing stm32f10x_can.o(i.CAN_Sleep), (30 bytes).
    Removing stm32f10x_can.o(i.CAN_StructInit), (32 bytes).
    Removing stm32f10x_can.o(i.CAN_TTComModeCmd), (118 bytes).
    Removing stm32f10x_can.o(i.CAN_Transmit), (294 bytes).
    Removing stm32f10x_can.o(i.CAN_TransmitStatus), (160 bytes).
    Removing stm32f10x_can.o(i.CAN_WakeUp), (48 bytes).
    Removing stm32f10x_can.o(i.CheckITStatus), (18 bytes).
    Removing stm32f10x_cec.o(i.CEC_ClearFlag), (36 bytes).
    Removing stm32f10x_cec.o(i.CEC_ClearITPendingBit), (36 bytes).
    Removing stm32f10x_cec.o(i.CEC_Cmd), (32 bytes).
    Removing stm32f10x_cec.o(i.CEC_DeInit), (22 bytes).
    Removing stm32f10x_cec.o(i.CEC_EndOfMessageCmd), (12 bytes).
    Removing stm32f10x_cec.o(i.CEC_GetFlagStatus), (48 bytes).
    Removing stm32f10x_cec.o(i.CEC_GetITStatus), (40 bytes).
    Removing stm32f10x_cec.o(i.CEC_ITConfig), (12 bytes).
    Removing stm32f10x_cec.o(i.CEC_Init), (32 bytes).
    Removing stm32f10x_cec.o(i.CEC_OwnAddressConfig), (12 bytes).
    Removing stm32f10x_cec.o(i.CEC_ReceiveDataByte), (12 bytes).
    Removing stm32f10x_cec.o(i.CEC_SendDataByte), (12 bytes).
    Removing stm32f10x_cec.o(i.CEC_SetPrescaler), (12 bytes).
    Removing stm32f10x_cec.o(i.CEC_StartOfMessage), (12 bytes).
    Removing stm32f10x_crc.o(i.CRC_CalcBlockCRC), (36 bytes).
    Removing stm32f10x_crc.o(i.CRC_CalcCRC), (16 bytes).
    Removing stm32f10x_crc.o(i.CRC_GetCRC), (12 bytes).
    Removing stm32f10x_crc.o(i.CRC_GetIDRegister), (12 bytes).
    Removing stm32f10x_crc.o(i.CRC_ResetDR), (12 bytes).
    Removing stm32f10x_crc.o(i.CRC_SetIDRegister), (12 bytes).
    Removing stm32f10x_dac.o(i.DAC_Cmd), (40 bytes).
    Removing stm32f10x_dac.o(i.DAC_DMACmd), (44 bytes).
    Removing stm32f10x_dac.o(i.DAC_DeInit), (22 bytes).
    Removing stm32f10x_dac.o(i.DAC_DualSoftwareTriggerCmd), (36 bytes).
    Removing stm32f10x_dac.o(i.DAC_GetDataOutputValue), (36 bytes).
    Removing stm32f10x_dac.o(i.DAC_Init), (52 bytes).
    Removing stm32f10x_dac.o(i.DAC_SetChannel1Data), (32 bytes).
    Removing stm32f10x_dac.o(i.DAC_SetChannel2Data), (32 bytes).
    Removing stm32f10x_dac.o(i.DAC_SetDualChannelData), (36 bytes).
    Removing stm32f10x_dac.o(i.DAC_SoftwareTriggerCmd), (44 bytes).
    Removing stm32f10x_dac.o(i.DAC_StructInit), (12 bytes).
    Removing stm32f10x_dac.o(i.DAC_WaveGenerationCmd), (40 bytes).
    Removing stm32f10x_dbgmcu.o(i.DBGMCU_Config), (32 bytes).
    Removing stm32f10x_dbgmcu.o(i.DBGMCU_GetDEVID), (16 bytes).
    Removing stm32f10x_dbgmcu.o(i.DBGMCU_GetREVID), (12 bytes).
    Removing stm32f10x_dma.o(i.DMA_ClearFlag), (28 bytes).
    Removing stm32f10x_dma.o(i.DMA_ClearITPendingBit), (28 bytes).
    Removing stm32f10x_dma.o(i.DMA_Cmd), (24 bytes).
    Removing stm32f10x_dma.o(i.DMA_DeInit), (332 bytes).
    Removing stm32f10x_dma.o(i.DMA_GetCurrDataCounter), (8 bytes).
    Removing stm32f10x_dma.o(i.DMA_GetFlagStatus), (44 bytes).
    Removing stm32f10x_dma.o(i.DMA_GetITStatus), (44 bytes).
    Removing stm32f10x_dma.o(i.DMA_ITConfig), (18 bytes).
    Removing stm32f10x_dma.o(i.DMA_Init), (60 bytes).
    Removing stm32f10x_dma.o(i.DMA_SetCurrDataCounter), (4 bytes).
    Removing stm32f10x_dma.o(i.DMA_StructInit), (26 bytes).
    Removing stm32f10x_exti.o(i.EXTI_ClearFlag), (12 bytes).
    Removing stm32f10x_exti.o(i.EXTI_DeInit), (36 bytes).
    Removing stm32f10x_exti.o(i.EXTI_GenerateSWInterrupt), (16 bytes).
    Removing stm32f10x_exti.o(i.EXTI_GetFlagStatus), (24 bytes).
    Removing stm32f10x_exti.o(i.EXTI_StructInit), (16 bytes).
    Removing stm32f10x_flash.o(i.FLASH_ClearFlag), (12 bytes).
    Removing stm32f10x_flash.o(i.FLASH_EnableWriteProtection), (196 bytes).
    Removing stm32f10x_flash.o(i.FLASH_EraseAllBank1Pages), (72 bytes).
    Removing stm32f10x_flash.o(i.FLASH_EraseAllPages), (72 bytes).
    Removing stm32f10x_flash.o(i.FLASH_EraseOptionBytes), (168 bytes).
    Removing stm32f10x_flash.o(i.FLASH_ErasePage), (76 bytes).
    Removing stm32f10x_flash.o(i.FLASH_GetBank1Status), (52 bytes).
    Removing stm32f10x_flash.o(i.FLASH_GetFlagStatus), (48 bytes).
    Removing stm32f10x_flash.o(i.FLASH_GetPrefetchBufferStatus), (24 bytes).
    Removing stm32f10x_flash.o(i.FLASH_GetReadOutProtectionStatus), (24 bytes).
    Removing stm32f10x_flash.o(i.FLASH_GetStatus), (52 bytes).
    Removing stm32f10x_flash.o(i.FLASH_GetUserOptionByte), (12 bytes).
    Removing stm32f10x_flash.o(i.FLASH_GetWriteProtectionOptionByte), (12 bytes).
    Removing stm32f10x_flash.o(i.FLASH_HalfCycleAccessCmd), (28 bytes).
    Removing stm32f10x_flash.o(i.FLASH_ITConfig), (32 bytes).
    Removing stm32f10x_flash.o(i.FLASH_Lock), (20 bytes).
    Removing stm32f10x_flash.o(i.FLASH_LockBank1), (20 bytes).
    Removing stm32f10x_flash.o(i.FLASH_PrefetchBufferCmd), (28 bytes).
    Removing stm32f10x_flash.o(i.FLASH_ProgramHalfWord), (64 bytes).
    Removing stm32f10x_flash.o(i.FLASH_ProgramOptionByteData), (84 bytes).
    Removing stm32f10x_flash.o(i.FLASH_ProgramWord), (108 bytes).
    Removing stm32f10x_flash.o(i.FLASH_ReadOutProtection), (172 bytes).
    Removing stm32f10x_flash.o(i.FLASH_SetLatency), (24 bytes).
    Removing stm32f10x_flash.o(i.FLASH_Unlock), (24 bytes).
    Removing stm32f10x_flash.o(i.FLASH_UnlockBank1), (24 bytes).
    Removing stm32f10x_flash.o(i.FLASH_UserOptionByteConfig), (104 bytes).
    Removing stm32f10x_flash.o(i.FLASH_WaitForLastBank1Operation), (38 bytes).
    Removing stm32f10x_flash.o(i.FLASH_WaitForLastOperation), (38 bytes).
    Removing stm32f10x_fsmc.o(i.FSMC_ClearFlag), (64 bytes).
    Removing stm32f10x_fsmc.o(i.FSMC_ClearITPendingBit), (72 bytes).
    Removing stm32f10x_fsmc.o(i.FSMC_GetECC), (28 bytes).
    Removing stm32f10x_fsmc.o(i.FSMC_GetFlagStatus), (56 bytes).
    Removing stm32f10x_fsmc.o(i.FSMC_GetITStatus), (68 bytes).
    Removing stm32f10x_fsmc.o(i.FSMC_ITConfig), (128 bytes).
    Removing stm32f10x_fsmc.o(i.FSMC_NANDCmd), (92 bytes).
    Removing stm32f10x_fsmc.o(i.FSMC_NANDDeInit), (68 bytes).
    Removing stm32f10x_fsmc.o(i.FSMC_NANDECCCmd), (92 bytes).
    Removing stm32f10x_fsmc.o(i.FSMC_NANDInit), (136 bytes).
    Removing stm32f10x_fsmc.o(i.FSMC_NANDStructInit), (54 bytes).
    Removing stm32f10x_fsmc.o(i.FSMC_NORSRAMCmd), (52 bytes).
    Removing stm32f10x_fsmc.o(i.FSMC_NORSRAMDeInit), (54 bytes).
    Removing stm32f10x_fsmc.o(i.FSMC_NORSRAMInit), (230 bytes).
    Removing stm32f10x_fsmc.o(i.FSMC_NORSRAMStructInit), (114 bytes).
    Removing stm32f10x_fsmc.o(i.FSMC_PCCARDCmd), (48 bytes).
    Removing stm32f10x_fsmc.o(i.FSMC_PCCARDDeInit), (40 bytes).
    Removing stm32f10x_fsmc.o(i.FSMC_PCCARDInit), (132 bytes).
    Removing stm32f10x_fsmc.o(i.FSMC_PCCARDStructInit), (60 bytes).
    Removing stm32f10x_gpio.o(i.GPIO_AFIODeInit), (20 bytes).
    Removing stm32f10x_gpio.o(i.GPIO_DeInit), (200 bytes).
    Removing stm32f10x_gpio.o(i.GPIO_ETH_MediaInterfaceConfig), (12 bytes).
    Removing stm32f10x_gpio.o(i.GPIO_EventOutputCmd), (12 bytes).
    Removing stm32f10x_gpio.o(i.GPIO_EventOutputConfig), (32 bytes).
    Removing stm32f10x_gpio.o(i.GPIO_PinLockConfig), (18 bytes).
    Removing stm32f10x_gpio.o(i.GPIO_ReadInputData), (8 bytes).
    Removing stm32f10x_gpio.o(i.GPIO_ReadOutputData), (8 bytes).
    Removing stm32f10x_gpio.o(i.GPIO_ReadOutputDataBit), (18 bytes).
    Removing stm32f10x_gpio.o(i.GPIO_StructInit), (16 bytes).
    Removing stm32f10x_gpio.o(i.GPIO_Write), (4 bytes).
    Removing stm32f10x_gpio.o(i.GPIO_WriteBit), (10 bytes).
    Removing stm32f10x_i2c.o(i.I2C_ARPCmd), (24 bytes).
    Removing stm32f10x_i2c.o(i.I2C_AcknowledgeConfig), (24 bytes).
    Removing stm32f10x_i2c.o(i.I2C_CalculatePEC), (24 bytes).
    Removing stm32f10x_i2c.o(i.I2C_CheckEvent), (42 bytes).
    Removing stm32f10x_i2c.o(i.I2C_ClearFlag), (12 bytes).
    Removing stm32f10x_i2c.o(i.I2C_ClearITPendingBit), (12 bytes).
    Removing stm32f10x_i2c.o(i.I2C_Cmd), (24 bytes).
    Removing stm32f10x_i2c.o(i.I2C_DMACmd), (24 bytes).
    Removing stm32f10x_i2c.o(i.I2C_DMALastTransferCmd), (24 bytes).
    Removing stm32f10x_i2c.o(i.I2C_DeInit), (56 bytes).
    Removing stm32f10x_i2c.o(i.I2C_DualAddressCmd), (24 bytes).
    Removing stm32f10x_i2c.o(i.I2C_FastModeDutyCycleConfig), (28 bytes).
    Removing stm32f10x_i2c.o(i.I2C_GeneralCallCmd), (24 bytes).
    Removing stm32f10x_i2c.o(i.I2C_GenerateSTART), (24 bytes).
    Removing stm32f10x_i2c.o(i.I2C_GenerateSTOP), (24 bytes).
    Removing stm32f10x_i2c.o(i.I2C_GetFlagStatus), (58 bytes).
    Removing stm32f10x_i2c.o(i.I2C_GetITStatus), (38 bytes).
    Removing stm32f10x_i2c.o(i.I2C_GetLastEvent), (26 bytes).
    Removing stm32f10x_i2c.o(i.I2C_GetPEC), (8 bytes).
    Removing stm32f10x_i2c.o(i.I2C_ITConfig), (18 bytes).
    Removing stm32f10x_i2c.o(i.I2C_Init), (236 bytes).
    Removing stm32f10x_i2c.o(i.I2C_NACKPositionConfig), (28 bytes).
    Removing stm32f10x_i2c.o(i.I2C_OwnAddress2Config), (22 bytes).
    Removing stm32f10x_i2c.o(i.I2C_PECPositionConfig), (28 bytes).
    Removing stm32f10x_i2c.o(i.I2C_ReadRegister), (22 bytes).
    Removing stm32f10x_i2c.o(i.I2C_ReceiveData), (8 bytes).
    Removing stm32f10x_i2c.o(i.I2C_SMBusAlertConfig), (28 bytes).
    Removing stm32f10x_i2c.o(i.I2C_Send7bitAddress), (18 bytes).
    Removing stm32f10x_i2c.o(i.I2C_SendData), (4 bytes).
    Removing stm32f10x_i2c.o(i.I2C_SoftwareResetCmd), (22 bytes).
    Removing stm32f10x_i2c.o(i.I2C_StretchClockCmd), (24 bytes).
    Removing stm32f10x_i2c.o(i.I2C_StructInit), (30 bytes).
    Removing stm32f10x_i2c.o(i.I2C_TransmitPEC), (24 bytes).
    Removing stm32f10x_iwdg.o(i.IWDG_Enable), (16 bytes).
    Removing stm32f10x_iwdg.o(i.IWDG_GetFlagStatus), (24 bytes).
    Removing stm32f10x_iwdg.o(i.IWDG_ReloadCounter), (16 bytes).
    Removing stm32f10x_iwdg.o(i.IWDG_SetPrescaler), (12 bytes).
    Removing stm32f10x_iwdg.o(i.IWDG_SetReload), (12 bytes).
    Removing stm32f10x_iwdg.o(i.IWDG_WriteAccessCmd), (12 bytes).
    Removing stm32f10x_pwr.o(i.PWR_BackupAccessCmd), (12 bytes).
    Removing stm32f10x_pwr.o(i.PWR_ClearFlag), (20 bytes).
    Removing stm32f10x_pwr.o(i.PWR_DeInit), (22 bytes).
    Removing stm32f10x_pwr.o(i.PWR_EnterSTANDBYMode), (52 bytes).
    Removing stm32f10x_pwr.o(i.PWR_EnterSTOPMode), (64 bytes).
    Removing stm32f10x_pwr.o(i.PWR_GetFlagStatus), (24 bytes).
    Removing stm32f10x_pwr.o(i.PWR_PVDCmd), (12 bytes).
    Removing stm32f10x_pwr.o(i.PWR_PVDLevelConfig), (24 bytes).
    Removing stm32f10x_pwr.o(i.PWR_WakeUpPinCmd), (12 bytes).
    Removing stm32f10x_rcc.o(i.RCC_AHBPeriphClockCmd), (32 bytes).
    Removing stm32f10x_rcc.o(i.RCC_APB1PeriphResetCmd), (32 bytes).
    Removing stm32f10x_rcc.o(i.RCC_AdjustHSICalibrationValue), (24 bytes).
    Removing stm32f10x_rcc.o(i.RCC_BackupResetCmd), (12 bytes).
    Removing stm32f10x_rcc.o(i.RCC_ClearFlag), (20 bytes).
    Removing stm32f10x_rcc.o(i.RCC_ClearITPendingBit), (12 bytes).
    Removing stm32f10x_rcc.o(i.RCC_ClockSecuritySystemCmd), (12 bytes).
    Removing stm32f10x_rcc.o(i.RCC_DeInit), (76 bytes).
    Removing stm32f10x_rcc.o(i.RCC_GetFlagStatus), (60 bytes).
    Removing stm32f10x_rcc.o(i.RCC_GetITStatus), (24 bytes).
    Removing stm32f10x_rcc.o(i.RCC_GetSYSCLKSource), (16 bytes).
    Removing stm32f10x_rcc.o(i.RCC_HCLKConfig), (24 bytes).
    Removing stm32f10x_rcc.o(i.RCC_HSEConfig), (76 bytes).
    Removing stm32f10x_rcc.o(i.RCC_HSICmd), (12 bytes).
    Removing stm32f10x_rcc.o(i.RCC_ITConfig), (32 bytes).
    Removing stm32f10x_rcc.o(i.RCC_LSEConfig), (52 bytes).
    Removing stm32f10x_rcc.o(i.RCC_LSICmd), (12 bytes).
    Removing stm32f10x_rcc.o(i.RCC_MCOConfig), (12 bytes).
    Removing stm32f10x_rcc.o(i.RCC_PCLK1Config), (24 bytes).
    Removing stm32f10x_rcc.o(i.RCC_PCLK2Config), (24 bytes).
    Removing stm32f10x_rcc.o(i.RCC_PLLCmd), (12 bytes).
    Removing stm32f10x_rcc.o(i.RCC_PLLConfig), (28 bytes).
    Removing stm32f10x_rcc.o(i.RCC_RTCCLKCmd), (12 bytes).
    Removing stm32f10x_rcc.o(i.RCC_RTCCLKConfig), (16 bytes).
    Removing stm32f10x_rcc.o(i.RCC_SYSCLKConfig), (24 bytes).
    Removing stm32f10x_rcc.o(i.RCC_USBCLKConfig), (12 bytes).
    Removing stm32f10x_rcc.o(i.RCC_WaitForHSEStartUp), (56 bytes).
    Removing stm32f10x_rtc.o(i.RTC_ClearFlag), (16 bytes).
    Removing stm32f10x_rtc.o(i.RTC_ClearITPendingBit), (16 bytes).
    Removing stm32f10x_rtc.o(i.RTC_EnterConfigMode), (20 bytes).
    Removing stm32f10x_rtc.o(i.RTC_ExitConfigMode), (20 bytes).
    Removing stm32f10x_rtc.o(i.RTC_GetCounter), (20 bytes).
    Removing stm32f10x_rtc.o(i.RTC_GetDivider), (24 bytes).
    Removing stm32f10x_rtc.o(i.RTC_GetFlagStatus), (24 bytes).
    Removing stm32f10x_rtc.o(i.RTC_GetITStatus), (36 bytes).
    Removing stm32f10x_rtc.o(i.RTC_ITConfig), (32 bytes).
    Removing stm32f10x_rtc.o(i.RTC_SetAlarm), (28 bytes).
    Removing stm32f10x_rtc.o(i.RTC_SetCounter), (28 bytes).
    Removing stm32f10x_rtc.o(i.RTC_SetPrescaler), (32 bytes).
    Removing stm32f10x_rtc.o(i.RTC_WaitForLastTask), (20 bytes).
    Removing stm32f10x_rtc.o(i.RTC_WaitForSynchro), (36 bytes).
    Removing stm32f10x_sdio.o(i.SDIO_CEATAITCmd), (16 bytes).
    Removing stm32f10x_sdio.o(i.SDIO_ClearFlag), (12 bytes).
    Removing stm32f10x_sdio.o(i.SDIO_ClearITPendingBit), (12 bytes).
    Removing stm32f10x_sdio.o(i.SDIO_ClockCmd), (12 bytes).
    Removing stm32f10x_sdio.o(i.SDIO_CmdStructInit), (14 bytes).
    Removing stm32f10x_sdio.o(i.SDIO_CommandCompletionCmd), (12 bytes).
    Removing stm32f10x_sdio.o(i.SDIO_DMACmd), (12 bytes).
    Removing stm32f10x_sdio.o(i.SDIO_DataConfig), (48 bytes).
    Removing stm32f10x_sdio.o(i.SDIO_DataStructInit), (20 bytes).
    Removing stm32f10x_sdio.o(i.SDIO_DeInit), (36 bytes).
    Removing stm32f10x_sdio.o(i.SDIO_GetCommandResponse), (12 bytes).
    Removing stm32f10x_sdio.o(i.SDIO_GetDataCounter), (12 bytes).
    Removing stm32f10x_sdio.o(i.SDIO_GetFIFOCount), (12 bytes).
    Removing stm32f10x_sdio.o(i.SDIO_GetFlagStatus), (24 bytes).
    Removing stm32f10x_sdio.o(i.SDIO_GetITStatus), (24 bytes).
    Removing stm32f10x_sdio.o(i.SDIO_GetPowerState), (16 bytes).
    Removing stm32f10x_sdio.o(i.SDIO_GetResponse), (24 bytes).
    Removing stm32f10x_sdio.o(i.SDIO_ITConfig), (32 bytes).
    Removing stm32f10x_sdio.o(i.SDIO_Init), (48 bytes).
    Removing stm32f10x_sdio.o(i.SDIO_ReadData), (12 bytes).
    Removing stm32f10x_sdio.o(i.SDIO_SendCEATACmd), (12 bytes).
    Removing stm32f10x_sdio.o(i.SDIO_SendCommand), (44 bytes).
    Removing stm32f10x_sdio.o(i.SDIO_SendSDIOSuspendCmd), (12 bytes).
    Removing stm32f10x_sdio.o(i.SDIO_SetPowerState), (28 bytes).
    Removing stm32f10x_sdio.o(i.SDIO_SetSDIOOperation), (12 bytes).
    Removing stm32f10x_sdio.o(i.SDIO_SetSDIOReadWaitMode), (12 bytes).
    Removing stm32f10x_sdio.o(i.SDIO_StartSDIOReadWait), (12 bytes).
    Removing stm32f10x_sdio.o(i.SDIO_StopSDIOReadWait), (12 bytes).
    Removing stm32f10x_sdio.o(i.SDIO_StructInit), (16 bytes).
    Removing stm32f10x_sdio.o(i.SDIO_WriteData), (12 bytes).
    Removing stm32f10x_spi.o(i.I2S_Cmd), (24 bytes).
    Removing stm32f10x_spi.o(i.I2S_Init), (232 bytes).
    Removing stm32f10x_spi.o(i.I2S_StructInit), (20 bytes).
    Removing stm32f10x_spi.o(i.SPI_BiDirectionalLineConfig), (28 bytes).
    Removing stm32f10x_spi.o(i.SPI_CalculateCRC), (24 bytes).
    Removing stm32f10x_spi.o(i.SPI_Cmd), (24 bytes).
    Removing stm32f10x_spi.o(i.SPI_DataSizeConfig), (18 bytes).
    Removing stm32f10x_spi.o(i.SPI_GetCRC), (16 bytes).
    Removing stm32f10x_spi.o(i.SPI_GetCRCPolynomial), (6 bytes).
    Removing stm32f10x_spi.o(i.SPI_I2S_ClearFlag), (6 bytes).
    Removing stm32f10x_spi.o(i.SPI_I2S_ClearITPendingBit), (20 bytes).
    Removing stm32f10x_spi.o(i.SPI_I2S_DMACmd), (18 bytes).
    Removing stm32f10x_spi.o(i.SPI_I2S_DeInit), (88 bytes).
    Removing stm32f10x_spi.o(i.SPI_I2S_GetFlagStatus), (18 bytes).
    Removing stm32f10x_spi.o(i.SPI_I2S_GetITStatus), (52 bytes).
    Removing stm32f10x_spi.o(i.SPI_I2S_ITConfig), (32 bytes).
    Removing stm32f10x_spi.o(i.SPI_I2S_ReceiveData), (6 bytes).
    Removing stm32f10x_spi.o(i.SPI_I2S_SendData), (4 bytes).
    Removing stm32f10x_spi.o(i.SPI_Init), (60 bytes).
    Removing stm32f10x_spi.o(i.SPI_NSSInternalSoftwareConfig), (30 bytes).
    Removing stm32f10x_spi.o(i.SPI_SSOutputCmd), (24 bytes).
    Removing stm32f10x_spi.o(i.SPI_StructInit), (24 bytes).
    Removing stm32f10x_spi.o(i.SPI_TransmitCRC), (10 bytes).
    Removing stm32f10x_tim.o(i.TI1_Config), (128 bytes).
    Removing stm32f10x_tim.o(i.TI2_Config), (152 bytes).
    Removing stm32f10x_tim.o(i.TI3_Config), (144 bytes).
    Removing stm32f10x_tim.o(i.TI4_Config), (152 bytes).
    Removing stm32f10x_tim.o(i.TIM_ARRPreloadConfig), (24 bytes).
    Removing stm32f10x_tim.o(i.TIM_BDTRConfig), (32 bytes).
    Removing stm32f10x_tim.o(i.TIM_BDTRStructInit), (18 bytes).
    Removing stm32f10x_tim.o(i.TIM_CCPreloadControl), (24 bytes).
    Removing stm32f10x_tim.o(i.TIM_CCxCmd), (30 bytes).
    Removing stm32f10x_tim.o(i.TIM_CCxNCmd), (30 bytes).
    Removing stm32f10x_tim.o(i.TIM_ClearFlag), (6 bytes).
    Removing stm32f10x_tim.o(i.TIM_ClearOC1Ref), (18 bytes).
    Removing stm32f10x_tim.o(i.TIM_ClearOC2Ref), (24 bytes).
    Removing stm32f10x_tim.o(i.TIM_ClearOC3Ref), (18 bytes).
    Removing stm32f10x_tim.o(i.TIM_ClearOC4Ref), (24 bytes).
    Removing stm32f10x_tim.o(i.TIM_CounterModeConfig), (18 bytes).
    Removing stm32f10x_tim.o(i.TIM_CtrlPWMOutputs), (30 bytes).
    Removing stm32f10x_tim.o(i.TIM_DMACmd), (18 bytes).
    Removing stm32f10x_tim.o(i.TIM_DMAConfig), (10 bytes).
    Removing stm32f10x_tim.o(i.TIM_DeInit), (488 bytes).
    Removing stm32f10x_tim.o(i.TIM_ETRClockMode1Config), (54 bytes).
    Removing stm32f10x_tim.o(i.TIM_ETRClockMode2Config), (32 bytes).
    Removing stm32f10x_tim.o(i.TIM_ETRConfig), (28 bytes).
    Removing stm32f10x_tim.o(i.TIM_EncoderInterfaceConfig), (66 bytes).
    Removing stm32f10x_tim.o(i.TIM_ForcedOC1Config), (18 bytes).
    Removing stm32f10x_tim.o(i.TIM_ForcedOC2Config), (26 bytes).
    Removing stm32f10x_tim.o(i.TIM_ForcedOC3Config), (18 bytes).
    Removing stm32f10x_tim.o(i.TIM_ForcedOC4Config), (26 bytes).
    Removing stm32f10x_tim.o(i.TIM_GenerateEvent), (4 bytes).
    Removing stm32f10x_tim.o(i.TIM_GetCapture1), (6 bytes).
    Removing stm32f10x_tim.o(i.TIM_GetCapture2), (6 bytes).
    Removing stm32f10x_tim.o(i.TIM_GetCapture3), (6 bytes).
    Removing stm32f10x_tim.o(i.TIM_GetCapture4), (8 bytes).
    Removing stm32f10x_tim.o(i.TIM_GetCounter), (6 bytes).
    Removing stm32f10x_tim.o(i.TIM_GetFlagStatus), (18 bytes).
    Removing stm32f10x_tim.o(i.TIM_GetPrescaler), (6 bytes).
    Removing stm32f10x_tim.o(i.TIM_ICInit), (172 bytes).
    Removing stm32f10x_tim.o(i.TIM_ICStructInit), (18 bytes).
    Removing stm32f10x_tim.o(i.TIM_ITRxExternalClockConfig), (24 bytes).
    Removing stm32f10x_tim.o(i.TIM_InternalClockConfig), (12 bytes).
    Removing stm32f10x_tim.o(i.TIM_OC1FastConfig), (18 bytes).
    Removing stm32f10x_tim.o(i.TIM_OC1Init), (152 bytes).
    Removing stm32f10x_tim.o(i.TIM_OC1NPolarityConfig), (18 bytes).
    Removing stm32f10x_tim.o(i.TIM_OC1PolarityConfig), (18 bytes).
    Removing stm32f10x_tim.o(i.TIM_OC1PreloadConfig), (18 bytes).
    Removing stm32f10x_tim.o(i.TIM_OC2FastConfig), (26 bytes).
    Removing stm32f10x_tim.o(i.TIM_OC2Init), (164 bytes).
    Removing stm32f10x_tim.o(i.TIM_OC2NPolarityConfig), (26 bytes).
    Removing stm32f10x_tim.o(i.TIM_OC2PolarityConfig), (26 bytes).
    Removing stm32f10x_tim.o(i.TIM_OC2PreloadConfig), (26 bytes).
    Removing stm32f10x_tim.o(i.TIM_OC3FastConfig), (18 bytes).
    Removing stm32f10x_tim.o(i.TIM_OC3Init), (160 bytes).
    Removing stm32f10x_tim.o(i.TIM_OC3NPolarityConfig), (26 bytes).
    Removing stm32f10x_tim.o(i.TIM_OC3PolarityConfig), (26 bytes).
    Removing stm32f10x_tim.o(i.TIM_OC3PreloadConfig), (18 bytes).
    Removing stm32f10x_tim.o(i.TIM_OC4FastConfig), (26 bytes).
    Removing stm32f10x_tim.o(i.TIM_OC4Init), (124 bytes).
    Removing stm32f10x_tim.o(i.TIM_OC4PolarityConfig), (26 bytes).
    Removing stm32f10x_tim.o(i.TIM_OC4PreloadConfig), (26 bytes).
    Removing stm32f10x_tim.o(i.TIM_OCStructInit), (20 bytes).
    Removing stm32f10x_tim.o(i.TIM_PWMIConfig), (124 bytes).
    Removing stm32f10x_tim.o(i.TIM_PrescalerConfig), (6 bytes).
    Removing stm32f10x_tim.o(i.TIM_SelectCCDMA), (24 bytes).
    Removing stm32f10x_tim.o(i.TIM_SelectCOM), (24 bytes).
    Removing stm32f10x_tim.o(i.TIM_SelectHallSensor), (24 bytes).
    Removing stm32f10x_tim.o(i.TIM_SelectInputTrigger), (18 bytes).
    Removing stm32f10x_tim.o(i.TIM_SelectMasterSlaveMode), (18 bytes).
    Removing stm32f10x_tim.o(i.TIM_SelectOCxM), (82 bytes).
    Removing stm32f10x_tim.o(i.TIM_SelectOnePulseMode), (18 bytes).
    Removing stm32f10x_tim.o(i.TIM_SelectOutputTrigger), (18 bytes).
    Removing stm32f10x_tim.o(i.TIM_SelectSlaveMode), (18 bytes).
    Removing stm32f10x_tim.o(i.TIM_SetAutoreload), (4 bytes).
    Removing stm32f10x_tim.o(i.TIM_SetClockDivision), (18 bytes).
    Removing stm32f10x_tim.o(i.TIM_SetCompare1), (4 bytes).
    Removing stm32f10x_tim.o(i.TIM_SetCompare2), (4 bytes).
    Removing stm32f10x_tim.o(i.TIM_SetCompare3), (4 bytes).
    Removing stm32f10x_tim.o(i.TIM_SetCompare4), (6 bytes).
    Removing stm32f10x_tim.o(i.TIM_SetCounter), (4 bytes).
    Removing stm32f10x_tim.o(i.TIM_SetIC1Prescaler), (18 bytes).
    Removing stm32f10x_tim.o(i.TIM_SetIC2Prescaler), (26 bytes).
    Removing stm32f10x_tim.o(i.TIM_SetIC3Prescaler), (18 bytes).
    Removing stm32f10x_tim.o(i.TIM_SetIC4Prescaler), (26 bytes).
    Removing stm32f10x_tim.o(i.TIM_TIxExternalClockConfig), (62 bytes).
    Removing stm32f10x_tim.o(i.TIM_TimeBaseStructInit), (18 bytes).
    Removing stm32f10x_tim.o(i.TIM_UpdateDisableConfig), (24 bytes).
    Removing stm32f10x_tim.o(i.TIM_UpdateRequestConfig), (24 bytes).
    Removing stm32f10x_usart.o(i.USART_ClearFlag), (18 bytes).
    Removing stm32f10x_usart.o(i.USART_ClearITPendingBit), (30 bytes).
    Removing stm32f10x_usart.o(i.USART_ClockInit), (34 bytes).
    Removing stm32f10x_usart.o(i.USART_ClockStructInit), (12 bytes).
    Removing stm32f10x_usart.o(i.USART_DMACmd), (18 bytes).
    Removing stm32f10x_usart.o(i.USART_DeInit), (156 bytes).
    Removing stm32f10x_usart.o(i.USART_HalfDuplexCmd), (24 bytes).
    Removing stm32f10x_usart.o(i.USART_IrDACmd), (24 bytes).
    Removing stm32f10x_usart.o(i.USART_IrDAConfig), (18 bytes).
    Removing stm32f10x_usart.o(i.USART_LINBreakDetectLengthConfig), (18 bytes).
    Removing stm32f10x_usart.o(i.USART_LINCmd), (24 bytes).
    Removing stm32f10x_usart.o(i.USART_OneBitMethodCmd), (24 bytes).
    Removing stm32f10x_usart.o(i.USART_OverSampling8Cmd), (22 bytes).
    Removing stm32f10x_usart.o(i.USART_ReceiverWakeUpCmd), (24 bytes).
    Removing stm32f10x_usart.o(i.USART_SendBreak), (10 bytes).
    Removing stm32f10x_usart.o(i.USART_SetAddress), (18 bytes).
    Removing stm32f10x_usart.o(i.USART_SetGuardTime), (16 bytes).
    Removing stm32f10x_usart.o(i.USART_SetPrescaler), (16 bytes).
    Removing stm32f10x_usart.o(i.USART_SmartCardCmd), (24 bytes).
    Removing stm32f10x_usart.o(i.USART_SmartCardNACKCmd), (24 bytes).
    Removing stm32f10x_usart.o(i.USART_StructInit), (24 bytes).
    Removing stm32f10x_usart.o(i.USART_WakeUpConfig), (18 bytes).
    Removing stm32f10x_wwdg.o(i.WWDG_ClearFlag), (12 bytes).
    Removing stm32f10x_wwdg.o(i.WWDG_DeInit), (22 bytes).
    Removing stm32f10x_wwdg.o(i.WWDG_Enable), (16 bytes).
    Removing stm32f10x_wwdg.o(i.WWDG_EnableIT), (12 bytes).
    Removing stm32f10x_wwdg.o(i.WWDG_GetFlagStatus), (12 bytes).
    Removing stm32f10x_wwdg.o(i.WWDG_SetCounter), (16 bytes).
    Removing stm32f10x_wwdg.o(i.WWDG_SetPrescaler), (24 bytes).
    Removing stm32f10x_wwdg.o(i.WWDG_SetWindowValue), (40 bytes).
    Removing core_cm3.o(.emb_text), (32 bytes).
    Removing system_stm32f10x.o(i.SystemCoreClockUpdate), (164 bytes).
    Removing startup_stm32f10x_hd.o(HEAP), (512 bytes).
    Removing mq-2.o(i.MQ2_Init), (36 bytes).

461 unused section(s) (total 21004 bytes) removed from the image.

==============================================================================

Image Symbol Table

    Local Symbols

    Symbol Name                              Value     Ov Type        Size  Object(Section)

    ../clib/microlib/init/entry.s            0x00000000   Number         0  entry8b.o ABSOLUTE
    ../clib/microlib/init/entry.s            0x00000000   Number         0  entry2.o ABSOLUTE
    ../clib/microlib/init/entry.s            0x00000000   Number         0  entry5.o ABSOLUTE
    ../clib/microlib/init/entry.s            0x00000000   Number         0  entry7a.o ABSOLUTE
    ../clib/microlib/init/entry.s            0x00000000   Number         0  entry8a.o ABSOLUTE
    ../clib/microlib/init/entry.s            0x00000000   Number         0  entry.o ABSOLUTE
    ../clib/microlib/init/entry.s            0x00000000   Number         0  entry11b.o ABSOLUTE
    ../clib/microlib/init/entry.s            0x00000000   Number         0  entry11a.o ABSOLUTE
    ../clib/microlib/init/entry.s            0x00000000   Number         0  entry10b.o ABSOLUTE
    ../clib/microlib/init/entry.s            0x00000000   Number         0  entry10a.o ABSOLUTE
    ../clib/microlib/init/entry.s            0x00000000   Number         0  entry9b.o ABSOLUTE
    ../clib/microlib/init/entry.s            0x00000000   Number         0  entry7b.o ABSOLUTE
    ../clib/microlib/init/entry.s            0x00000000   Number         0  entry9a.o ABSOLUTE
    ../clib/microlib/longlong.c              0x00000000   Number         0  llshl.o ABSOLUTE
    ../clib/microlib/longlong.c              0x00000000   Number         0  llushr.o ABSOLUTE
    ../clib/microlib/string/memset.c         0x00000000   Number         0  memseta.o ABSOLUTE
    ../clib/microlib/stubs.s                 0x00000000   Number         0  iusefp.o ABSOLUTE
    ../fplib/microlib/d2f.c                  0x00000000   Number         0  d2f.o ABSOLUTE
    ../fplib/microlib/fpadd.c                0x00000000   Number         0  fadd.o ABSOLUTE
    ../fplib/microlib/fpdiv.c                0x00000000   Number         0  ddiv.o ABSOLUTE
    ../fplib/microlib/fpdiv.c                0x00000000   Number         0  fdiv.o ABSOLUTE
    ../fplib/microlib/fpepilogue.c           0x00000000   Number         0  depilogue.o ABSOLUTE
    ../fplib/microlib/fpepilogue.c           0x00000000   Number         0  fepilogue.o ABSOLUTE
    ../fplib/microlib/fpfix.c                0x00000000   Number         0  dfixui.o ABSOLUTE
    ../fplib/microlib/fpfix.c                0x00000000   Number         0  ffixui.o ABSOLUTE
    ../fplib/microlib/fpflt.c                0x00000000   Number         0  dfltui.o ABSOLUTE
    ../fplib/microlib/fpmul.c                0x00000000   Number         0  dmul.o ABSOLUTE
    ../fplib/microlib/fpmul.c                0x00000000   Number         0  fmul.o ABSOLUTE
    ..\CMSIS\core_cm3.c                      0x00000000   Number         0  core_cm3.o ABSOLUTE
    ..\CMSIS\system_stm32f10x.c              0x00000000   Number         0  system_stm32f10x.o ABSOLUTE
    ..\Driver\src\misc.c                     0x00000000   Number         0  misc.o ABSOLUTE
    ..\Driver\src\stm32f10x_adc.c            0x00000000   Number         0  stm32f10x_adc.o ABSOLUTE
    ..\Driver\src\stm32f10x_bkp.c            0x00000000   Number         0  stm32f10x_bkp.o ABSOLUTE
    ..\Driver\src\stm32f10x_can.c            0x00000000   Number         0  stm32f10x_can.o ABSOLUTE
    ..\Driver\src\stm32f10x_cec.c            0x00000000   Number         0  stm32f10x_cec.o ABSOLUTE
    ..\Driver\src\stm32f10x_crc.c            0x00000000   Number         0  stm32f10x_crc.o ABSOLUTE
    ..\Driver\src\stm32f10x_dac.c            0x00000000   Number         0  stm32f10x_dac.o ABSOLUTE
    ..\Driver\src\stm32f10x_dbgmcu.c         0x00000000   Number         0  stm32f10x_dbgmcu.o ABSOLUTE
    ..\Driver\src\stm32f10x_dma.c            0x00000000   Number         0  stm32f10x_dma.o ABSOLUTE
    ..\Driver\src\stm32f10x_exti.c           0x00000000   Number         0  stm32f10x_exti.o ABSOLUTE
    ..\Driver\src\stm32f10x_flash.c          0x00000000   Number         0  stm32f10x_flash.o ABSOLUTE
    ..\Driver\src\stm32f10x_fsmc.c           0x00000000   Number         0  stm32f10x_fsmc.o ABSOLUTE
    ..\Driver\src\stm32f10x_gpio.c           0x00000000   Number         0  stm32f10x_gpio.o ABSOLUTE
    ..\Driver\src\stm32f10x_i2c.c            0x00000000   Number         0  stm32f10x_i2c.o ABSOLUTE
    ..\Driver\src\stm32f10x_iwdg.c           0x00000000   Number         0  stm32f10x_iwdg.o ABSOLUTE
    ..\Driver\src\stm32f10x_pwr.c            0x00000000   Number         0  stm32f10x_pwr.o ABSOLUTE
    ..\Driver\src\stm32f10x_rcc.c            0x00000000   Number         0  stm32f10x_rcc.o ABSOLUTE
    ..\Driver\src\stm32f10x_rtc.c            0x00000000   Number         0  stm32f10x_rtc.o ABSOLUTE
    ..\Driver\src\stm32f10x_sdio.c           0x00000000   Number         0  stm32f10x_sdio.o ABSOLUTE
    ..\Driver\src\stm32f10x_spi.c            0x00000000   Number         0  stm32f10x_spi.o ABSOLUTE
    ..\Driver\src\stm32f10x_tim.c            0x00000000   Number         0  stm32f10x_tim.o ABSOLUTE
    ..\Driver\src\stm32f10x_usart.c          0x00000000   Number         0  stm32f10x_usart.o ABSOLUTE
    ..\Driver\src\stm32f10x_wwdg.c           0x00000000   Number         0  stm32f10x_wwdg.o ABSOLUTE
    ..\StartUp\startup_stm32f10x_hd.s        0x00000000   Number         0  startup_stm32f10x_hd.o ABSOLUTE
    ..\User\BELL.c                           0x00000000   Number         0  bell.o ABSOLUTE
    ..\User\BH1750.c                         0x00000000   Number         0  bh1750.o ABSOLUTE
    ..\User\DHT11.c                          0x00000000   Number         0  dht11.o ABSOLUTE
    ..\User\Display.c                        0x00000000   Number         0  display.o ABSOLUTE
    ..\User\ExInterrupt.c                    0x00000000   Number         0  exinterrupt.o ABSOLUTE
    ..\User\Flash.c                          0x00000000   Number         0  flash.o ABSOLUTE
    ..\User\GP2Y.c                           0x00000000   Number         0  gp2y.o ABSOLUTE
    ..\User\MQ-2.c                           0x00000000   Number         0  mq-2.o ABSOLUTE
    ..\User\Manager.c                        0x00000000   Number         0  manager.o ABSOLUTE
    ..\User\OLED\oled.c                      0x00000000   Number         0  oled.o ABSOLUTE
    ..\User\Receivedata.c                    0x00000000   Number         0  receivedata.o ABSOLUTE
    ..\User\SysTick.c                        0x00000000   Number         0  systick.o ABSOLUTE
    ..\User\TIME.c                           0x00000000   Number         0  time.o ABSOLUTE
    ..\User\UART.c                           0x00000000   Number         0  uart.o ABSOLUTE
    ..\User\UI.c                             0x00000000   Number         0  ui.o ABSOLUTE
    ..\User\adc.c                            0x00000000   Number         0  adc.o ABSOLUTE
    ..\User\main.c                           0x00000000   Number         0  main.o ABSOLUTE
    ..\User\myiic.c                          0x00000000   Number         0  myiic.o ABSOLUTE
    ..\User\stm32f10x_it.c                   0x00000000   Number         0  stm32f10x_it.o ABSOLUTE
    ..\User\sys.c                            0x00000000   Number         0  sys.o ABSOLUTE
    ..\\CMSIS\\core_cm3.c                    0x00000000   Number         0  core_cm3.o ABSOLUTE
    ..\\User\\sys.c                          0x00000000   Number         0  sys.o ABSOLUTE
    dc.s                                     0x00000000   Number         0  dc.o ABSOLUTE
    handlers.s                               0x00000000   Number         0  handlers.o ABSOLUTE
    init.s                                   0x00000000   Number         0  init.o ABSOLUTE
    RESET                                    0x08000000   Section      304  startup_stm32f10x_hd.o(RESET)
    .ARM.Collect$$$$00000000                 0x08000130   Section        0  entry.o(.ARM.Collect$$$$00000000)
    .ARM.Collect$$$$00000001                 0x08000130   Section        4  entry2.o(.ARM.Collect$$$$00000001)
    .ARM.Collect$$$$00000004                 0x08000134   Section        4  entry5.o(.ARM.Collect$$$$00000004)
    .ARM.Collect$$$$00000008                 0x08000138   Section        0  entry7b.o(.ARM.Collect$$$$00000008)
    .ARM.Collect$$$$0000000A                 0x08000138   Section        0  entry8b.o(.ARM.Collect$$$$0000000A)
    .ARM.Collect$$$$0000000B                 0x08000138   Section        8  entry9a.o(.ARM.Collect$$$$0000000B)
    .ARM.Collect$$$$0000000D                 0x08000140   Section        0  entry10a.o(.ARM.Collect$$$$0000000D)
    .ARM.Collect$$$$0000000F                 0x08000140   Section        0  entry11a.o(.ARM.Collect$$$$0000000F)
    .ARM.Collect$$$$00002712                 0x08000140   Section        4  entry2.o(.ARM.Collect$$$$00002712)
    __lit__00000000                          0x08000140   Data           4  entry2.o(.ARM.Collect$$$$00002712)
    .text                                    0x08000144   Section       36  startup_stm32f10x_hd.o(.text)
    .text                                    0x08000168   Section        0  fadd.o(.text)
    .text                                    0x08000218   Section        0  fmul.o(.text)
    .text                                    0x0800027c   Section        0  fdiv.o(.text)
    .text                                    0x080002f8   Section        0  dmul.o(.text)
    .text                                    0x080003dc   Section        0  ddiv.o(.text)
    .text                                    0x080004ba   Section        0  dfltui.o(.text)
    .text                                    0x080004d4   Section        0  ffixui.o(.text)
    .text                                    0x080004fc   Section        0  dfixui.o(.text)
    .text                                    0x0800052e   Section        0  d2f.o(.text)
    .text                                    0x08000566   Section        0  llushr.o(.text)
    .text                                    0x08000586   Section        0  iusefp.o(.text)
    .text                                    0x08000586   Section        0  fepilogue.o(.text)
    .text                                    0x080005f4   Section        0  depilogue.o(.text)
    .text                                    0x080006b0   Section       36  init.o(.text)
    .text                                    0x080006d4   Section        0  llshl.o(.text)
    i.ADC_Cmd                                0x080006f2   Section        0  stm32f10x_adc.o(i.ADC_Cmd)
    i.ADC_DeInit                             0x08000708   Section        0  stm32f10x_adc.o(i.ADC_DeInit)
    i.ADC_GetCalibrationStatus               0x08000764   Section        0  stm32f10x_adc.o(i.ADC_GetCalibrationStatus)
    i.ADC_GetConversionValue                 0x08000778   Section        0  stm32f10x_adc.o(i.ADC_GetConversionValue)
    i.ADC_GetFlagStatus                      0x08000780   Section        0  stm32f10x_adc.o(i.ADC_GetFlagStatus)
    i.ADC_GetResetCalibrationStatus          0x08000792   Section        0  stm32f10x_adc.o(i.ADC_GetResetCalibrationStatus)
    i.ADC_Init                               0x080007a8   Section        0  stm32f10x_adc.o(i.ADC_Init)
    i.ADC_RegularChannelConfig               0x080007f8   Section        0  stm32f10x_adc.o(i.ADC_RegularChannelConfig)
    i.ADC_ResetCalibration                   0x080008b0   Section        0  stm32f10x_adc.o(i.ADC_ResetCalibration)
    i.ADC_SoftwareStartConvCmd               0x080008ba   Section        0  stm32f10x_adc.o(i.ADC_SoftwareStartConvCmd)
    i.ADC_StartCalibration                   0x080008d0   Section        0  stm32f10x_adc.o(i.ADC_StartCalibration)
    i.Adc_Init                               0x080008dc   Section        0  adc.o(i.Adc_Init)
    i.BH1750_Init                            0x08000950   Section        0  bh1750.o(i.BH1750_Init)
    i.BH_Read_Data                           0x08000966   Section        0  bh1750.o(i.BH_Read_Data)
    i.BH_Send_Data                           0x08000998   Section        0  bh1750.o(i.BH_Send_Data)
    i.Bell_Alarm                             0x080009c0   Section        0  bell.o(i.Bell_Alarm)
    i.Bell_Init                              0x080009dc   Section        0  bell.o(i.Bell_Init)
    i.Bell_Switch                            0x08000a44   Section        0  bell.o(i.Bell_Switch)
    i.BusFault_Handler                       0x08000a64   Section        0  stm32f10x_it.o(i.BusFault_Handler)
    i.DHT11_Init                             0x08000a68   Section        0  dht11.o(i.DHT11_Init)
    i.DHT11_Mode_IPU                         0x08000aa0   Section        0  dht11.o(i.DHT11_Mode_IPU)
    DHT11_Mode_IPU                           0x08000aa1   Thumb Code    26  dht11.o(i.DHT11_Mode_IPU)
    i.DHT11_Mode_Out_PP                      0x08000ac0   Section        0  dht11.o(i.DHT11_Mode_Out_PP)
    DHT11_Mode_Out_PP                        0x08000ac1   Thumb Code    32  dht11.o(i.DHT11_Mode_Out_PP)
    i.DebugMon_Handler                       0x08000ae4   Section        0  stm32f10x_it.o(i.DebugMon_Handler)
    i.Disp_Init                              0x08000ae8   Section        0  display.o(i.Disp_Init)
    i.Display_FIRST_page                     0x08000af4   Section        0  display.o(i.Display_FIRST_page)
    i.Display_SECOND_page                    0x08000bb0   Section        0  display.o(i.Display_SECOND_page)
    i.Display_Welcome_page                   0x08000bf0   Section        0  display.o(i.Display_Welcome_page)
    i.EXTI15_10_IRQHandler                   0x08000c08   Section        0  stm32f10x_it.o(i.EXTI15_10_IRQHandler)
    i.EXTI_ClearITPendingBit                 0x08000c54   Section        0  stm32f10x_exti.o(i.EXTI_ClearITPendingBit)
    i.EXTI_GetITStatus                       0x08000c60   Section        0  stm32f10x_exti.o(i.EXTI_GetITStatus)
    i.EXTI_Init                              0x08000c88   Section        0  stm32f10x_exti.o(i.EXTI_Init)
    i.EXTI_init                              0x08000d1c   Section        0  exinterrupt.o(i.EXTI_init)
    i.GP2Y_ADC_init                          0x08000d54   Section        0  gp2y.o(i.GP2Y_ADC_init)
    i.GPIO_EXTILineConfig                    0x08000d94   Section        0  stm32f10x_gpio.o(i.GPIO_EXTILineConfig)
    i.GPIO_Init                              0x08000dd4   Section        0  stm32f10x_gpio.o(i.GPIO_Init)
    i.GPIO_PinRemapConfig                    0x08000eec   Section        0  stm32f10x_gpio.o(i.GPIO_PinRemapConfig)
    i.GPIO_ReadInputDataBit                  0x08000f7c   Section        0  stm32f10x_gpio.o(i.GPIO_ReadInputDataBit)
    i.GPIO_ResetBits                         0x08000f8e   Section        0  stm32f10x_gpio.o(i.GPIO_ResetBits)
    i.GPIO_SetBits                           0x08000f92   Section        0  stm32f10x_gpio.o(i.GPIO_SetBits)
    i.GetGP2YAverageValue                    0x08000f96   Section        0  gp2y.o(i.GetGP2YAverageValue)
    i.GetGP2YSingleValue                     0x08000fb8   Section        0  gp2y.o(i.GetGP2YSingleValue)
    i.Get_Adc                                0x08001054   Section        0  adc.o(i.Get_Adc)
    i.Get_Adc_Average                        0x08001088   Section        0  adc.o(i.Get_Adc_Average)
    i.Get_MQ2_Average                        0x080010b6   Section        0  mq-2.o(i.Get_MQ2_Average)
    i.HardFault_Handler                      0x080010de   Section        0  stm32f10x_it.o(i.HardFault_Handler)
    i.IIC_Ack                                0x080010e4   Section        0  myiic.o(i.IIC_Ack)
    i.IIC_Delay                              0x08001130   Section        0  myiic.o(i.IIC_Delay)
    i.IIC_Init                               0x0800113c   Section        0  myiic.o(i.IIC_Init)
    i.IIC_NAck                               0x08001170   Section        0  myiic.o(i.IIC_NAck)
    i.IIC_Read_Byte                          0x080011bc   Section        0  myiic.o(i.IIC_Read_Byte)
    i.IIC_Send_Byte                          0x08001228   Section        0  myiic.o(i.IIC_Send_Byte)
    i.IIC_Start                              0x08001284   Section        0  myiic.o(i.IIC_Start)
    i.IIC_Stop                               0x080012cc   Section        0  myiic.o(i.IIC_Stop)
    i.IIC_Wait_Ack                           0x08001314   Section        0  myiic.o(i.IIC_Wait_Ack)
    i.Make_Send_Data                         0x08001378   Section        0  manager.o(i.Make_Send_Data)
    i.MemManage_Handler                      0x080013b8   Section        0  stm32f10x_it.o(i.MemManage_Handler)
    i.NMI_Handler                            0x080013bc   Section        0  stm32f10x_it.o(i.NMI_Handler)
    i.NVIC_Init                              0x080013c0   Section        0  misc.o(i.NVIC_Init)
    i.NVIC_PriorityGroupConfig               0x08001430   Section        0  misc.o(i.NVIC_PriorityGroupConfig)
    i.NVIC_init                              0x08001444   Section        0  exinterrupt.o(i.NVIC_init)
    i.OLED_Clear                             0x08001468   Section        0  oled.o(i.OLED_Clear)
    i.OLED_Init                              0x080014b4   Section        0  oled.o(i.OLED_Init)
    i.OLED_Set_Pos                           0x08001638   Section        0  oled.o(i.OLED_Set_Pos)
    i.OLED_ShowChar                          0x08001668   Section        0  oled.o(i.OLED_ShowChar)
    i.OLED_ShowNum                           0x080016d8   Section        0  oled.o(i.OLED_ShowNum)
    i.OLED_ShowString                        0x0800175c   Section        0  oled.o(i.OLED_ShowString)
    i.OLED_WR_Byte                           0x08001794   Section        0  oled.o(i.OLED_WR_Byte)
    i.PendSV_Handler                         0x08001810   Section        0  stm32f10x_it.o(i.PendSV_Handler)
    i.RCC_ADCCLKConfig                       0x08001814   Section        0  stm32f10x_rcc.o(i.RCC_ADCCLKConfig)
    i.RCC_APB1PeriphClockCmd                 0x0800182c   Section        0  stm32f10x_rcc.o(i.RCC_APB1PeriphClockCmd)
    i.RCC_APB2PeriphClockCmd                 0x0800184c   Section        0  stm32f10x_rcc.o(i.RCC_APB2PeriphClockCmd)
    i.RCC_APB2PeriphResetCmd                 0x0800186c   Section        0  stm32f10x_rcc.o(i.RCC_APB2PeriphResetCmd)
    i.RCC_GetClocksFreq                      0x0800188c   Section        0  stm32f10x_rcc.o(i.RCC_GetClocksFreq)
    i.Read_Byte                              0x08001960   Section        0  dht11.o(i.Read_Byte)
    Read_Byte                                0x08001961   Thumb Code    96  dht11.o(i.Read_Byte)
    i.Read_DHT11                             0x080019c4   Section        0  dht11.o(i.Read_DHT11)
    i.SHOW_PAGE                              0x08001a70   Section        0  display.o(i.SHOW_PAGE)
    i.SVC_Handler                            0x08001a9a   Section        0  stm32f10x_it.o(i.SVC_Handler)
    i.SetSysClock                            0x08001a9c   Section        0  system_stm32f10x.o(i.SetSysClock)
    SetSysClock                              0x08001a9d   Thumb Code     8  system_stm32f10x.o(i.SetSysClock)
    i.SetSysClockTo72                        0x08001aa4   Section        0  system_stm32f10x.o(i.SetSysClockTo72)
    SetSysClockTo72                          0x08001aa5   Thumb Code   214  system_stm32f10x.o(i.SetSysClockTo72)
    i.SysTick_CLKSourceConfig                0x08001b84   Section        0  misc.o(i.SysTick_CLKSourceConfig)
    i.SysTick_Handler                        0x08001bac   Section        0  stm32f10x_it.o(i.SysTick_Handler)
    i.SysTick_init                           0x08001bb0   Section        0  systick.o(i.SysTick_init)
    i.SystemInit                             0x08001bf4   Section        0  system_stm32f10x.o(i.SystemInit)
    i.System_init                            0x08001c54   Section        0  main.o(i.System_init)
    i.TIM3_IRQHandler                        0x08001d28   Section        0  time.o(i.TIM3_IRQHandler)
    i.TIME3_Init                             0x08001d68   Section        0  time.o(i.TIME3_Init)
    i.TIM_ClearITPendingBit                  0x08001dd0   Section        0  stm32f10x_tim.o(i.TIM_ClearITPendingBit)
    i.TIM_Cmd                                0x08001dd6   Section        0  stm32f10x_tim.o(i.TIM_Cmd)
    i.TIM_GetITStatus                        0x08001dee   Section        0  stm32f10x_tim.o(i.TIM_GetITStatus)
    i.TIM_ITConfig                           0x08001e10   Section        0  stm32f10x_tim.o(i.TIM_ITConfig)
    i.TIM_TimeBaseInit                       0x08001e24   Section        0  stm32f10x_tim.o(i.TIM_TimeBaseInit)
    i.USART1_IRQHandler                      0x08001ec8   Section        0  stm32f10x_it.o(i.USART1_IRQHandler)
    i.USART_Cmd                              0x08001f2c   Section        0  stm32f10x_usart.o(i.USART_Cmd)
    i.USART_GetFlagStatus                    0x08001f44   Section        0  stm32f10x_usart.o(i.USART_GetFlagStatus)
    i.USART_GetITStatus                      0x08001f5e   Section        0  stm32f10x_usart.o(i.USART_GetITStatus)
    i.USART_ITConfig                         0x08001fb2   Section        0  stm32f10x_usart.o(i.USART_ITConfig)
    i.USART_Init                             0x08001ffc   Section        0  stm32f10x_usart.o(i.USART_Init)
    i.USART_ReceiveData                      0x080020d4   Section        0  stm32f10x_usart.o(i.USART_ReceiveData)
    i.USART_SendData                         0x080020de   Section        0  stm32f10x_usart.o(i.USART_SendData)
    i.USART_init                             0x080020e8   Section        0  uart.o(i.USART_init)
    i.UsageFault_Handler                     0x0800219c   Section        0  stm32f10x_it.o(i.UsageFault_Handler)
    i.UsartSend                              0x080021a0   Section        0  uart.o(i.UsartSend)
    i.__scatterload_copy                     0x080021c0   Section       14  handlers.o(i.__scatterload_copy)
    i.__scatterload_null                     0x080021ce   Section        2  handlers.o(i.__scatterload_null)
    i.__scatterload_zeroinit                 0x080021d0   Section       14  handlers.o(i.__scatterload_zeroinit)
    i.delay_ms                               0x080021e0   Section        0  systick.o(i.delay_ms)
    i.delay_us                               0x0800222c   Section        0  systick.o(i.delay_us)
    i.get_Show_Data                          0x08002278   Section        0  manager.o(i.get_Show_Data)
    i.init_Ex_interrupt                      0x080022e4   Section        0  exinterrupt.o(i.init_Ex_interrupt)
    i.main                                   0x08002318   Section        0  main.o(i.main)
    i.oled_pow                               0x08002370   Section        0  oled.o(i.oled_pow)
    i.send_Normal_data                       0x08002388   Section        0  uart.o(i.send_Normal_data)
    i.set_initGPIO                           0x080023b4   Section        0  exinterrupt.o(i.set_initGPIO)
    .constdata                               0x080023d4   Section     2072  oled.o(.constdata)
    .data                                    0x20000000   Section        1  stm32f10x_it.o(.data)
    .data                                    0x20000002   Section        4  systick.o(.data)
    fac_us                                   0x20000002   Data           1  systick.o(.data)
    fac_ms                                   0x20000004   Data           2  systick.o(.data)
    .data                                    0x20000006   Section        2  time.o(.data)
    .data                                    0x20000008   Section        2  display.o(.data)
    .data                                    0x2000000a   Section       20  stm32f10x_rcc.o(.data)
    APBAHBPrescTable                         0x2000000a   Data          16  stm32f10x_rcc.o(.data)
    ADCPrescTable                            0x2000001a   Data           4  stm32f10x_rcc.o(.data)
    .data                                    0x20000020   Section       20  system_stm32f10x.o(.data)
    .bss                                     0x20000034   Section       12  main.o(.bss)
    .bss                                     0x20000040   Section       10  manager.o(.bss)
    STACK                                    0x20000050   Section     1024  startup_stm32f10x_hd.o(STACK)

    Global Symbols

    Symbol Name                              Value     Ov Type        Size  Object(Section)

    BuildAttributes$$THM_ISAv4$P$D$K$B$S$PE$A:L22UL41UL21$X:L11$S22US41US21$IEEE1$IW$USESV6$~STKCKD$USESV7$~SHL$OTIME$ROPI$EBA8$MICROLIB$REQ8$PRES8$EABIv2 0x00000000   Number         0  anon$$obj.o ABSOLUTE
    __ARM_use_no_argv                        0x00000000   Number         0  main.o ABSOLUTE
    __cpp_initialize__aeabi_                  - Undefined Weak Reference
    __cxa_finalize                            - Undefined Weak Reference
    __decompress                              - Undefined Weak Reference
    _clock_init                               - Undefined Weak Reference
    _microlib_exit                            - Undefined Weak Reference
    __Vectors_Size                           0x00000130   Number         0  startup_stm32f10x_hd.o ABSOLUTE
    __Vectors                                0x08000000   Data           4  startup_stm32f10x_hd.o(RESET)
    __Vectors_End                            0x08000130   Data           0  startup_stm32f10x_hd.o(RESET)
    __main                                   0x08000131   Thumb Code     0  entry.o(.ARM.Collect$$$$00000000)
    _main_stk                                0x08000131   Thumb Code     0  entry2.o(.ARM.Collect$$$$00000001)
    _main_scatterload                        0x08000135   Thumb Code     0  entry5.o(.ARM.Collect$$$$00000004)
    __main_after_scatterload                 0x08000139   Thumb Code     0  entry5.o(.ARM.Collect$$$$00000004)
    _main_clock                              0x08000139   Thumb Code     0  entry7b.o(.ARM.Collect$$$$00000008)
    _main_cpp_init                           0x08000139   Thumb Code     0  entry8b.o(.ARM.Collect$$$$0000000A)
    _main_init                               0x08000139   Thumb Code     0  entry9a.o(.ARM.Collect$$$$0000000B)
    __rt_final_cpp                           0x08000141   Thumb Code     0  entry10a.o(.ARM.Collect$$$$0000000D)
    __rt_final_exit                          0x08000141   Thumb Code     0  entry11a.o(.ARM.Collect$$$$0000000F)
    Reset_Handler                            0x08000145   Thumb Code     8  startup_stm32f10x_hd.o(.text)
    ADC1_2_IRQHandler                        0x0800015f   Thumb Code     0  startup_stm32f10x_hd.o(.text)
    ADC3_IRQHandler                          0x0800015f   Thumb Code     0  startup_stm32f10x_hd.o(.text)
    CAN1_RX1_IRQHandler                      0x0800015f   Thumb Code     0  startup_stm32f10x_hd.o(.text)
    CAN1_SCE_IRQHandler                      0x0800015f   Thumb Code     0  startup_stm32f10x_hd.o(.text)
    DMA1_Channel1_IRQHandler                 0x0800015f   Thumb Code     0  startup_stm32f10x_hd.o(.text)
    DMA1_Channel2_IRQHandler                 0x0800015f   Thumb Code     0  startup_stm32f10x_hd.o(.text)
    DMA1_Channel3_IRQHandler                 0x0800015f   Thumb Code     0  startup_stm32f10x_hd.o(.text)
    DMA1_Channel4_IRQHandler                 0x0800015f   Thumb Code     0  startup_stm32f10x_hd.o(.text)
    DMA1_Channel5_IRQHandler                 0x0800015f   Thumb Code     0  startup_stm32f10x_hd.o(.text)
    DMA1_Channel6_IRQHandler                 0x0800015f   Thumb Code     0  startup_stm32f10x_hd.o(.text)
    DMA1_Channel7_IRQHandler                 0x0800015f   Thumb Code     0  startup_stm32f10x_hd.o(.text)
    DMA2_Channel1_IRQHandler                 0x0800015f   Thumb Code     0  startup_stm32f10x_hd.o(.text)
    DMA2_Channel2_IRQHandler                 0x0800015f   Thumb Code     0  startup_stm32f10x_hd.o(.text)
    DMA2_Channel3_IRQHandler                 0x0800015f   Thumb Code     0  startup_stm32f10x_hd.o(.text)
    DMA2_Channel4_5_IRQHandler               0x0800015f   Thumb Code     0  startup_stm32f10x_hd.o(.text)
    EXTI0_IRQHandler                         0x0800015f   Thumb Code     0  startup_stm32f10x_hd.o(.text)
    EXTI1_IRQHandler                         0x0800015f   Thumb Code     0  startup_stm32f10x_hd.o(.text)
    EXTI2_IRQHandler                         0x0800015f   Thumb Code     0  startup_stm32f10x_hd.o(.text)
    EXTI3_IRQHandler                         0x0800015f   Thumb Code     0  startup_stm32f10x_hd.o(.text)
    EXTI4_IRQHandler                         0x0800015f   Thumb Code     0  startup_stm32f10x_hd.o(.text)
    EXTI9_5_IRQHandler                       0x0800015f   Thumb Code     0  startup_stm32f10x_hd.o(.text)
    FLASH_IRQHandler                         0x0800015f   Thumb Code     0  startup_stm32f10x_hd.o(.text)
    FSMC_IRQHandler                          0x0800015f   Thumb Code     0  startup_stm32f10x_hd.o(.text)
    I2C1_ER_IRQHandler                       0x0800015f   Thumb Code     0  startup_stm32f10x_hd.o(.text)
    I2C1_EV_IRQHandler                       0x0800015f   Thumb Code     0  startup_stm32f10x_hd.o(.text)
    I2C2_ER_IRQHandler                       0x0800015f   Thumb Code     0  startup_stm32f10x_hd.o(.text)
    I2C2_EV_IRQHandler                       0x0800015f   Thumb Code     0  startup_stm32f10x_hd.o(.text)
    PVD_IRQHandler                           0x0800015f   Thumb Code     0  startup_stm32f10x_hd.o(.text)
    RCC_IRQHandler                           0x0800015f   Thumb Code     0  startup_stm32f10x_hd.o(.text)
    RTCAlarm_IRQHandler                      0x0800015f   Thumb Code     0  startup_stm32f10x_hd.o(.text)
    RTC_IRQHandler                           0x0800015f   Thumb Code     0  startup_stm32f10x_hd.o(.text)
    SDIO_IRQHandler                          0x0800015f   Thumb Code     0  startup_stm32f10x_hd.o(.text)
    SPI1_IRQHandler                          0x0800015f   Thumb Code     0  startup_stm32f10x_hd.o(.text)
    SPI2_IRQHandler                          0x0800015f   Thumb Code     0  startup_stm32f10x_hd.o(.text)
    SPI3_IRQHandler                          0x0800015f   Thumb Code     0  startup_stm32f10x_hd.o(.text)
    TAMPER_IRQHandler                        0x0800015f   Thumb Code     0  startup_stm32f10x_hd.o(.text)
    TIM1_BRK_IRQHandler                      0x0800015f   Thumb Code     0  startup_stm32f10x_hd.o(.text)
    TIM1_CC_IRQHandler                       0x0800015f   Thumb Code     0  startup_stm32f10x_hd.o(.text)
    TIM1_TRG_COM_IRQHandler                  0x0800015f   Thumb Code     0  startup_stm32f10x_hd.o(.text)
    TIM1_UP_IRQHandler                       0x0800015f   Thumb Code     0  startup_stm32f10x_hd.o(.text)
    TIM2_IRQHandler                          0x0800015f   Thumb Code     0  startup_stm32f10x_hd.o(.text)
    TIM4_IRQHandler                          0x0800015f   Thumb Code     0  startup_stm32f10x_hd.o(.text)
    TIM5_IRQHandler                          0x0800015f   Thumb Code     0  startup_stm32f10x_hd.o(.text)
    TIM6_IRQHandler                          0x0800015f   Thumb Code     0  startup_stm32f10x_hd.o(.text)
    TIM7_IRQHandler                          0x0800015f   Thumb Code     0  startup_stm32f10x_hd.o(.text)
    TIM8_BRK_IRQHandler                      0x0800015f   Thumb Code     0  startup_stm32f10x_hd.o(.text)
    TIM8_CC_IRQHandler                       0x0800015f   Thumb Code     0  startup_stm32f10x_hd.o(.text)
    TIM8_TRG_COM_IRQHandler                  0x0800015f   Thumb Code     0  startup_stm32f10x_hd.o(.text)
    TIM8_UP_IRQHandler                       0x0800015f   Thumb Code     0  startup_stm32f10x_hd.o(.text)
    UART4_IRQHandler                         0x0800015f   Thumb Code     0  startup_stm32f10x_hd.o(.text)
    UART5_IRQHandler                         0x0800015f   Thumb Code     0  startup_stm32f10x_hd.o(.text)
    USART2_IRQHandler                        0x0800015f   Thumb Code     0  startup_stm32f10x_hd.o(.text)
    USART3_IRQHandler                        0x0800015f   Thumb Code     0  startup_stm32f10x_hd.o(.text)
    USBWakeUp_IRQHandler                     0x0800015f   Thumb Code     0  startup_stm32f10x_hd.o(.text)
    USB_HP_CAN1_TX_IRQHandler                0x0800015f   Thumb Code     0  startup_stm32f10x_hd.o(.text)
    USB_LP_CAN1_RX0_IRQHandler               0x0800015f   Thumb Code     0  startup_stm32f10x_hd.o(.text)
    WWDG_IRQHandler                          0x0800015f   Thumb Code     0  startup_stm32f10x_hd.o(.text)
    __aeabi_fadd                             0x08000169   Thumb Code   164  fadd.o(.text)
    __aeabi_fsub                             0x0800020d   Thumb Code     6  fadd.o(.text)
    __aeabi_frsub                            0x08000213   Thumb Code     6  fadd.o(.text)
    __aeabi_fmul                             0x08000219   Thumb Code   100  fmul.o(.text)
    __aeabi_fdiv                             0x0800027d   Thumb Code   124  fdiv.o(.text)
    __aeabi_dmul                             0x080002f9   Thumb Code   228  dmul.o(.text)
    __aeabi_ddiv                             0x080003dd   Thumb Code   222  ddiv.o(.text)
    __aeabi_ui2d                             0x080004bb   Thumb Code    26  dfltui.o(.text)
    __aeabi_f2uiz                            0x080004d5   Thumb Code    40  ffixui.o(.text)
    __aeabi_d2uiz                            0x080004fd   Thumb Code    50  dfixui.o(.text)
    __aeabi_d2f                              0x0800052f   Thumb Code    56  d2f.o(.text)
    __aeabi_llsr                             0x08000567   Thumb Code    32  llushr.o(.text)
    _ll_ushift_r                             0x08000567   Thumb Code     0  llushr.o(.text)
    __I$use$fp                               0x08000587   Thumb Code     0  iusefp.o(.text)
    _float_round                             0x08000587   Thumb Code    18  fepilogue.o(.text)
    _float_epilogue                          0x08000599   Thumb Code    92  fepilogue.o(.text)
    _double_round                            0x080005f5   Thumb Code    30  depilogue.o(.text)
    _double_epilogue                         0x08000613   Thumb Code   156  depilogue.o(.text)
    __scatterload                            0x080006b1   Thumb Code    28  init.o(.text)
    __scatterload_rt2                        0x080006b1   Thumb Code     0  init.o(.text)
    __aeabi_llsl                             0x080006d5   Thumb Code    30  llshl.o(.text)
    _ll_shift_l                              0x080006d5   Thumb Code     0  llshl.o(.text)
    ADC_Cmd                                  0x080006f3   Thumb Code    22  stm32f10x_adc.o(i.ADC_Cmd)
    ADC_DeInit                               0x08000709   Thumb Code    78  stm32f10x_adc.o(i.ADC_DeInit)
    ADC_GetCalibrationStatus                 0x08000765   Thumb Code    20  stm32f10x_adc.o(i.ADC_GetCalibrationStatus)
    ADC_GetConversionValue                   0x08000779   Thumb Code     8  stm32f10x_adc.o(i.ADC_GetConversionValue)
    ADC_GetFlagStatus                        0x08000781   Thumb Code    18  stm32f10x_adc.o(i.ADC_GetFlagStatus)
    ADC_GetResetCalibrationStatus            0x08000793   Thumb Code    20  stm32f10x_adc.o(i.ADC_GetResetCalibrationStatus)
    ADC_Init                                 0x080007a9   Thumb Code    70  stm32f10x_adc.o(i.ADC_Init)
    ADC_RegularChannelConfig                 0x080007f9   Thumb Code   184  stm32f10x_adc.o(i.ADC_RegularChannelConfig)
    ADC_ResetCalibration                     0x080008b1   Thumb Code    10  stm32f10x_adc.o(i.ADC_ResetCalibration)
    ADC_SoftwareStartConvCmd                 0x080008bb   Thumb Code    22  stm32f10x_adc.o(i.ADC_SoftwareStartConvCmd)
    ADC_StartCalibration                     0x080008d1   Thumb Code    10  stm32f10x_adc.o(i.ADC_StartCalibration)
    Adc_Init                                 0x080008dd   Thumb Code   110  adc.o(i.Adc_Init)
    BH1750_Init                              0x08000951   Thumb Code    22  bh1750.o(i.BH1750_Init)
    BH_Read_Data                             0x08000967   Thumb Code    50  bh1750.o(i.BH_Read_Data)
    BH_Send_Data                             0x08000999   Thumb Code    40  bh1750.o(i.BH_Send_Data)
    Bell_Alarm                               0x080009c1   Thumb Code    28  bell.o(i.Bell_Alarm)
    Bell_Init                                0x080009dd   Thumb Code    90  bell.o(i.Bell_Init)
    Bell_Switch                              0x08000a45   Thumb Code    26  bell.o(i.Bell_Switch)
    BusFault_Handler                         0x08000a65   Thumb Code     4  stm32f10x_it.o(i.BusFault_Handler)
    DHT11_Init                               0x08000a69   Thumb Code    50  dht11.o(i.DHT11_Init)
    DebugMon_Handler                         0x08000ae5   Thumb Code     2  stm32f10x_it.o(i.DebugMon_Handler)
    Disp_Init                                0x08000ae9   Thumb Code     8  display.o(i.Disp_Init)
    Display_FIRST_page                       0x08000af5   Thumb Code   142  display.o(i.Display_FIRST_page)
    Display_SECOND_page                      0x08000bb1   Thumb Code    48  display.o(i.Display_SECOND_page)
    Display_Welcome_page                     0x08000bf1   Thumb Code    20  display.o(i.Display_Welcome_page)
    EXTI15_10_IRQHandler                     0x08000c09   Thumb Code    70  stm32f10x_it.o(i.EXTI15_10_IRQHandler)
    EXTI_ClearITPendingBit                   0x08000c55   Thumb Code     6  stm32f10x_exti.o(i.EXTI_ClearITPendingBit)
    EXTI_GetITStatus                         0x08000c61   Thumb Code    34  stm32f10x_exti.o(i.EXTI_GetITStatus)
    EXTI_Init                                0x08000c89   Thumb Code   142  stm32f10x_exti.o(i.EXTI_Init)
    EXTI_init                                0x08000d1d   Thumb Code    56  exinterrupt.o(i.EXTI_init)
    GP2Y_ADC_init                            0x08000d55   Thumb Code    60  gp2y.o(i.GP2Y_ADC_init)
    GPIO_EXTILineConfig                      0x08000d95   Thumb Code    60  stm32f10x_gpio.o(i.GPIO_EXTILineConfig)
    GPIO_Init                                0x08000dd5   Thumb Code   278  stm32f10x_gpio.o(i.GPIO_Init)
    GPIO_PinRemapConfig                      0x08000eed   Thumb Code   138  stm32f10x_gpio.o(i.GPIO_PinRemapConfig)
    GPIO_ReadInputDataBit                    0x08000f7d   Thumb Code    18  stm32f10x_gpio.o(i.GPIO_ReadInputDataBit)
    GPIO_ResetBits                           0x08000f8f   Thumb Code     4  stm32f10x_gpio.o(i.GPIO_ResetBits)
    GPIO_SetBits                             0x08000f93   Thumb Code     4  stm32f10x_gpio.o(i.GPIO_SetBits)
    GetGP2YAverageValue                      0x08000f97   Thumb Code    32  gp2y.o(i.GetGP2YAverageValue)
    GetGP2YSingleValue                       0x08000fb9   Thumb Code   134  gp2y.o(i.GetGP2YSingleValue)
    Get_Adc                                  0x08001055   Thumb Code    46  adc.o(i.Get_Adc)
    Get_Adc_Average                          0x08001089   Thumb Code    46  adc.o(i.Get_Adc_Average)
    Get_MQ2_Average                          0x080010b7   Thumb Code    40  mq-2.o(i.Get_MQ2_Average)
    HardFault_Handler                        0x080010df   Thumb Code     4  stm32f10x_it.o(i.HardFault_Handler)
    IIC_Ack                                  0x080010e5   Thumb Code    62  myiic.o(i.IIC_Ack)
    IIC_Delay                                0x08001131   Thumb Code    10  myiic.o(i.IIC_Delay)
    IIC_Init                                 0x0800113d   Thumb Code    46  myiic.o(i.IIC_Init)
    IIC_NAck                                 0x08001171   Thumb Code    62  myiic.o(i.IIC_NAck)
    IIC_Read_Byte                            0x080011bd   Thumb Code    94  myiic.o(i.IIC_Read_Byte)
    IIC_Send_Byte                            0x08001229   Thumb Code    80  myiic.o(i.IIC_Send_Byte)
    IIC_Start                                0x08001285   Thumb Code    60  myiic.o(i.IIC_Start)
    IIC_Stop                                 0x080012cd   Thumb Code    58  myiic.o(i.IIC_Stop)
    IIC_Wait_Ack                             0x08001315   Thumb Code    86  myiic.o(i.IIC_Wait_Ack)
    Make_Send_Data                           0x08001379   Thumb Code    60  manager.o(i.Make_Send_Data)
    MemManage_Handler                        0x080013b9   Thumb Code     4  stm32f10x_it.o(i.MemManage_Handler)
    NMI_Handler                              0x080013bd   Thumb Code     2  stm32f10x_it.o(i.NMI_Handler)
    NVIC_Init                                0x080013c1   Thumb Code   100  misc.o(i.NVIC_Init)
    NVIC_PriorityGroupConfig                 0x08001431   Thumb Code    10  misc.o(i.NVIC_PriorityGroupConfig)
    NVIC_init                                0x08001445   Thumb Code    34  exinterrupt.o(i.NVIC_init)
    OLED_Clear                               0x08001469   Thumb Code    70  oled.o(i.OLED_Clear)
    OLED_Init                                0x080014b5   Thumb Code   378  oled.o(i.OLED_Init)
    OLED_Set_Pos                             0x08001639   Thumb Code    46  oled.o(i.OLED_Set_Pos)
    OLED_ShowChar                            0x08001669   Thumb Code   106  oled.o(i.OLED_ShowChar)
    OLED_ShowNum                             0x080016d9   Thumb Code   132  oled.o(i.OLED_ShowNum)
    OLED_ShowString                          0x0800175d   Thumb Code    54  oled.o(i.OLED_ShowString)
    OLED_WR_Byte                             0x08001795   Thumb Code   114  oled.o(i.OLED_WR_Byte)
    PendSV_Handler                           0x08001811   Thumb Code     2  stm32f10x_it.o(i.PendSV_Handler)
    RCC_ADCCLKConfig                         0x08001815   Thumb Code    18  stm32f10x_rcc.o(i.RCC_ADCCLKConfig)
    RCC_APB1PeriphClockCmd                   0x0800182d   Thumb Code    26  stm32f10x_rcc.o(i.RCC_APB1PeriphClockCmd)
    RCC_APB2PeriphClockCmd                   0x0800184d   Thumb Code    26  stm32f10x_rcc.o(i.RCC_APB2PeriphClockCmd)
    RCC_APB2PeriphResetCmd                   0x0800186d   Thumb Code    26  stm32f10x_rcc.o(i.RCC_APB2PeriphResetCmd)
    RCC_GetClocksFreq                        0x0800188d   Thumb Code   192  stm32f10x_rcc.o(i.RCC_GetClocksFreq)
    Read_DHT11                               0x080019c5   Thumb Code   166  dht11.o(i.Read_DHT11)
    SHOW_PAGE                                0x08001a71   Thumb Code    42  display.o(i.SHOW_PAGE)
    SVC_Handler                              0x08001a9b   Thumb Code     2  stm32f10x_it.o(i.SVC_Handler)
    SysTick_CLKSourceConfig                  0x08001b85   Thumb Code    40  misc.o(i.SysTick_CLKSourceConfig)
    SysTick_Handler                          0x08001bad   Thumb Code     2  stm32f10x_it.o(i.SysTick_Handler)
    SysTick_init                             0x08001bb1   Thumb Code    50  systick.o(i.SysTick_init)
    SystemInit                               0x08001bf5   Thumb Code    78  system_stm32f10x.o(i.SystemInit)
    System_init                              0x08001c55   Thumb Code   204  main.o(i.System_init)
    TIM3_IRQHandler                          0x08001d29   Thumb Code    52  time.o(i.TIM3_IRQHandler)
    TIME3_Init                               0x08001d69   Thumb Code    98  time.o(i.TIME3_Init)
    TIM_ClearITPendingBit                    0x08001dd1   Thumb Code     6  stm32f10x_tim.o(i.TIM_ClearITPendingBit)
    TIM_Cmd                                  0x08001dd7   Thumb Code    24  stm32f10x_tim.o(i.TIM_Cmd)
    TIM_GetITStatus                          0x08001def   Thumb Code    34  stm32f10x_tim.o(i.TIM_GetITStatus)
    TIM_ITConfig                             0x08001e11   Thumb Code    18  stm32f10x_tim.o(i.TIM_ITConfig)
    TIM_TimeBaseInit                         0x08001e25   Thumb Code   122  stm32f10x_tim.o(i.TIM_TimeBaseInit)
    USART1_IRQHandler                        0x08001ec9   Thumb Code    86  stm32f10x_it.o(i.USART1_IRQHandler)
    USART_Cmd                                0x08001f2d   Thumb Code    24  stm32f10x_usart.o(i.USART_Cmd)
    USART_GetFlagStatus                      0x08001f45   Thumb Code    26  stm32f10x_usart.o(i.USART_GetFlagStatus)
    USART_GetITStatus                        0x08001f5f   Thumb Code    84  stm32f10x_usart.o(i.USART_GetITStatus)
    USART_ITConfig                           0x08001fb3   Thumb Code    74  stm32f10x_usart.o(i.USART_ITConfig)
    USART_Init                               0x08001ffd   Thumb Code   210  stm32f10x_usart.o(i.USART_Init)
    USART_ReceiveData                        0x080020d5   Thumb Code    10  stm32f10x_usart.o(i.USART_ReceiveData)
    USART_SendData                           0x080020df   Thumb Code     8  stm32f10x_usart.o(i.USART_SendData)
    USART_init                               0x080020e9   Thumb Code   172  uart.o(i.USART_init)
    UsageFault_Handler                       0x0800219d   Thumb Code     4  stm32f10x_it.o(i.UsageFault_Handler)
    UsartSend                                0x080021a1   Thumb Code    28  uart.o(i.UsartSend)
    __scatterload_copy                       0x080021c1   Thumb Code    14  handlers.o(i.__scatterload_copy)
    __scatterload_null                       0x080021cf   Thumb Code     2  handlers.o(i.__scatterload_null)
    __scatterload_zeroinit                   0x080021d1   Thumb Code    14  handlers.o(i.__scatterload_zeroinit)
    delay_ms                                 0x080021e1   Thumb Code    72  systick.o(i.delay_ms)
    delay_us                                 0x0800222d   Thumb Code    72  systick.o(i.delay_us)
    get_Show_Data                            0x08002279   Thumb Code   104  manager.o(i.get_Show_Data)
    init_Ex_interrupt                        0x080022e5   Thumb Code    52  exinterrupt.o(i.init_Ex_interrupt)
    main                                     0x08002319   Thumb Code    76  main.o(i.main)
    oled_pow                                 0x08002371   Thumb Code    22  oled.o(i.oled_pow)
    send_Normal_data                         0x08002389   Thumb Code    34  uart.o(i.send_Normal_data)
    set_initGPIO                             0x080023b5   Thumb Code    32  exinterrupt.o(i.set_initGPIO)
    F6x8                                     0x080023d4   Data         552  oled.o(.constdata)
    F8X16                                    0x080025fc   Data        1520  oled.o(.constdata)
    Region$$Table$$Base                      0x08002bec   Number         0  anon$$obj.o(Region$$Table)
    Region$$Table$$Limit                     0x08002c0c   Number         0  anon$$obj.o(Region$$Table)
    door_flag                                0x20000000   Data           1  stm32f10x_it.o(.data)
    FRESH_DISP_FLAG                          0x20000006   Data           1  time.o(.data)
    time                                     0x20000007   Data           1  time.o(.data)
    PAGE                                     0x20000008   Data           1  display.o(.data)
    Clear_Oled                               0x20000009   Data           1  display.o(.data)
    SystemCoreClock                          0x20000020   Data           4  system_stm32f10x.o(.data)
    AHBPrescTable                            0x20000024   Data          16  system_stm32f10x.o(.data)
    Show_data                                0x20000034   Data          12  main.o(.bss)
    SendData                                 0x20000040   Data          10  manager.o(.bss)
    __initial_sp                             0x20000450   Data           0  startup_stm32f10x_hd.o(STACK)



==============================================================================

Memory Map of the image

  Image Entry point : 0x08000131

  Load Region LR_IROM1 (Base: 0x08000000, Size: 0x00002c40, Max: 0x00020000, ABSOLUTE)

    Execution Region ER_IROM1 (Base: 0x08000000, Size: 0x00002c0c, Max: 0x00020000, ABSOLUTE)

    Base Addr    Size         Type   Attr      Idx    E Section Name        Object

    0x08000000   0x00000130   Data   RO         3761    RESET               startup_stm32f10x_hd.o
    0x08000130   0x00000000   Code   RO         3892  * .ARM.Collect$$$$00000000  mc_w.l(entry.o)
    0x08000130   0x00000004   Code   RO         3915    .ARM.Collect$$$$00000001  mc_w.l(entry2.o)
    0x08000134   0x00000004   Code   RO         3918    .ARM.Collect$$$$00000004  mc_w.l(entry5.o)
    0x08000138   0x00000000   Code   RO         3920    .ARM.Collect$$$$00000008  mc_w.l(entry7b.o)
    0x08000138   0x00000000   Code   RO         3922    .ARM.Collect$$$$0000000A  mc_w.l(entry8b.o)
    0x08000138   0x00000008   Code   RO         3923    .ARM.Collect$$$$0000000B  mc_w.l(entry9a.o)
    0x08000140   0x00000000   Code   RO         3925    .ARM.Collect$$$$0000000D  mc_w.l(entry10a.o)
    0x08000140   0x00000000   Code   RO         3927    .ARM.Collect$$$$0000000F  mc_w.l(entry11a.o)
    0x08000140   0x00000004   Code   RO         3916    .ARM.Collect$$$$00002712  mc_w.l(entry2.o)
    0x08000144   0x00000024   Code   RO         3762    .text               startup_stm32f10x_hd.o
    0x08000168   0x000000b0   Code   RO         3897    .text               mf_w.l(fadd.o)
    0x08000218   0x00000064   Code   RO         3899    .text               mf_w.l(fmul.o)
    0x0800027c   0x0000007c   Code   RO         3901    .text               mf_w.l(fdiv.o)
    0x080002f8   0x000000e4   Code   RO         3903    .text               mf_w.l(dmul.o)
    0x080003dc   0x000000de   Code   RO         3905    .text               mf_w.l(ddiv.o)
    0x080004ba   0x0000001a   Code   RO         3907    .text               mf_w.l(dfltui.o)
    0x080004d4   0x00000028   Code   RO         3909    .text               mf_w.l(ffixui.o)
    0x080004fc   0x00000032   Code   RO         3911    .text               mf_w.l(dfixui.o)
    0x0800052e   0x00000038   Code   RO         3913    .text               mf_w.l(d2f.o)
    0x08000566   0x00000020   Code   RO         3929    .text               mc_w.l(llushr.o)
    0x08000586   0x00000000   Code   RO         3931    .text               mc_w.l(iusefp.o)
    0x08000586   0x0000006e   Code   RO         3932    .text               mf_w.l(fepilogue.o)
    0x080005f4   0x000000ba   Code   RO         3934    .text               mf_w.l(depilogue.o)
    0x080006ae   0x00000002   PAD
    0x080006b0   0x00000024   Code   RO         3936    .text               mc_w.l(init.o)
    0x080006d4   0x0000001e   Code   RO         3938    .text               mc_w.l(llshl.o)
    0x080006f2   0x00000016   Code   RO          790    i.ADC_Cmd           stm32f10x_adc.o
    0x08000708   0x0000005c   Code   RO          792    i.ADC_DeInit        stm32f10x_adc.o
    0x08000764   0x00000014   Code   RO          798    i.ADC_GetCalibrationStatus  stm32f10x_adc.o
    0x08000778   0x00000008   Code   RO          799    i.ADC_GetConversionValue  stm32f10x_adc.o
    0x08000780   0x00000012   Code   RO          801    i.ADC_GetFlagStatus  stm32f10x_adc.o
    0x08000792   0x00000014   Code   RO          804    i.ADC_GetResetCalibrationStatus  stm32f10x_adc.o
    0x080007a6   0x00000002   PAD
    0x080007a8   0x00000050   Code   RO          808    i.ADC_Init          stm32f10x_adc.o
    0x080007f8   0x000000b8   Code   RO          812    i.ADC_RegularChannelConfig  stm32f10x_adc.o
    0x080008b0   0x0000000a   Code   RO          813    i.ADC_ResetCalibration  stm32f10x_adc.o
    0x080008ba   0x00000016   Code   RO          815    i.ADC_SoftwareStartConvCmd  stm32f10x_adc.o
    0x080008d0   0x0000000a   Code   RO          817    i.ADC_StartCalibration  stm32f10x_adc.o
    0x080008da   0x00000002   PAD
    0x080008dc   0x00000074   Code   RO          258    i.Adc_Init          adc.o
    0x08000950   0x00000016   Code   RO         3844    i.BH1750_Init       bh1750.o
    0x08000966   0x00000032   Code   RO         3845    i.BH_Read_Data      bh1750.o
    0x08000998   0x00000028   Code   RO         3846    i.BH_Send_Data      bh1750.o
    0x080009c0   0x0000001c   Code   RO         3766    i.Bell_Alarm        bell.o
    0x080009dc   0x00000068   Code   RO         3767    i.Bell_Init         bell.o
    0x08000a44   0x00000020   Code   RO         3768    i.Bell_Switch       bell.o
    0x08000a64   0x00000004   Code   RO          173    i.BusFault_Handler  stm32f10x_it.o
    0x08000a68   0x00000038   Code   RO         3811    i.DHT11_Init        dht11.o
    0x08000aa0   0x00000020   Code   RO         3812    i.DHT11_Mode_IPU    dht11.o
    0x08000ac0   0x00000024   Code   RO         3813    i.DHT11_Mode_Out_PP  dht11.o
    0x08000ae4   0x00000002   Code   RO          174    i.DebugMon_Handler  stm32f10x_it.o
    0x08000ae6   0x00000002   PAD
    0x08000ae8   0x0000000c   Code   RO          675    i.Disp_Init         display.o
    0x08000af4   0x000000bc   Code   RO          676    i.Display_FIRST_page  display.o
    0x08000bb0   0x00000040   Code   RO          677    i.Display_SECOND_page  display.o
    0x08000bf0   0x00000018   Code   RO          679    i.Display_Welcome_page  display.o
    0x08000c08   0x0000004c   Code   RO          176    i.EXTI15_10_IRQHandler  stm32f10x_it.o
    0x08000c54   0x0000000c   Code   RO         1546    i.EXTI_ClearITPendingBit  stm32f10x_exti.o
    0x08000c60   0x00000028   Code   RO         1550    i.EXTI_GetITStatus  stm32f10x_exti.o
    0x08000c88   0x00000094   Code   RO         1551    i.EXTI_Init         stm32f10x_exti.o
    0x08000d1c   0x00000038   Code   RO          645    i.EXTI_init         exinterrupt.o
    0x08000d54   0x00000040   Code   RO         3868    i.GP2Y_ADC_init     gp2y.o
    0x08000d94   0x00000040   Code   RO         1896    i.GPIO_EXTILineConfig  stm32f10x_gpio.o
    0x08000dd4   0x00000116   Code   RO         1899    i.GPIO_Init         stm32f10x_gpio.o
    0x08000eea   0x00000002   PAD
    0x08000eec   0x00000090   Code   RO         1901    i.GPIO_PinRemapConfig  stm32f10x_gpio.o
    0x08000f7c   0x00000012   Code   RO         1903    i.GPIO_ReadInputDataBit  stm32f10x_gpio.o
    0x08000f8e   0x00000004   Code   RO         1906    i.GPIO_ResetBits    stm32f10x_gpio.o
    0x08000f92   0x00000004   Code   RO         1907    i.GPIO_SetBits      stm32f10x_gpio.o
    0x08000f96   0x00000020   Code   RO         3869    i.GetGP2YAverageValue  gp2y.o
    0x08000fb6   0x00000002   PAD
    0x08000fb8   0x0000009c   Code   RO         3870    i.GetGP2YSingleValue  gp2y.o
    0x08001054   0x00000034   Code   RO          259    i.Get_Adc           adc.o
    0x08001088   0x0000002e   Code   RO          260    i.Get_Adc_Average   adc.o
    0x080010b6   0x00000028   Code   RO         3790    i.Get_MQ2_Average   mq-2.o
    0x080010de   0x00000004   Code   RO          177    i.HardFault_Handler  stm32f10x_it.o
    0x080010e2   0x00000002   PAD
    0x080010e4   0x0000004c   Code   RO          534    i.IIC_Ack           myiic.o
    0x08001130   0x0000000a   Code   RO          535    i.IIC_Delay         myiic.o
    0x0800113a   0x00000002   PAD
    0x0800113c   0x00000034   Code   RO          536    i.IIC_Init          myiic.o
    0x08001170   0x0000004c   Code   RO          537    i.IIC_NAck          myiic.o
    0x080011bc   0x0000006c   Code   RO          538    i.IIC_Read_Byte     myiic.o
    0x08001228   0x0000005c   Code   RO          539    i.IIC_Send_Byte     myiic.o
    0x08001284   0x00000048   Code   RO          540    i.IIC_Start         myiic.o
    0x080012cc   0x00000048   Code   RO          541    i.IIC_Stop          myiic.o
    0x08001314   0x00000064   Code   RO          542    i.IIC_Wait_Ack      myiic.o
    0x08001378   0x00000040   Code   RO          721    i.Make_Send_Data    manager.o
    0x080013b8   0x00000004   Code   RO          178    i.MemManage_Handler  stm32f10x_it.o
    0x080013bc   0x00000002   Code   RO          179    i.NMI_Handler       stm32f10x_it.o
    0x080013be   0x00000002   PAD
    0x080013c0   0x00000070   Code   RO          748    i.NVIC_Init         misc.o
    0x08001430   0x00000014   Code   RO          749    i.NVIC_PriorityGroupConfig  misc.o
    0x08001444   0x00000022   Code   RO          646    i.NVIC_init         exinterrupt.o
    0x08001466   0x00000002   PAD
    0x08001468   0x0000004c   Code   RO          308    i.OLED_Clear        oled.o
    0x080014b4   0x00000184   Code   RO          312    i.OLED_Init         oled.o
    0x08001638   0x0000002e   Code   RO          313    i.OLED_Set_Pos      oled.o
    0x08001666   0x00000002   PAD
    0x08001668   0x00000070   Code   RO          315    i.OLED_ShowChar     oled.o
    0x080016d8   0x00000084   Code   RO          316    i.OLED_ShowNum      oled.o
    0x0800175c   0x00000036   Code   RO          317    i.OLED_ShowString   oled.o
    0x08001792   0x00000002   PAD
    0x08001794   0x0000007c   Code   RO          318    i.OLED_WR_Byte      oled.o
    0x08001810   0x00000002   Code   RO          180    i.PendSV_Handler    stm32f10x_it.o
    0x08001812   0x00000002   PAD
    0x08001814   0x00000018   Code   RO         2313    i.RCC_ADCCLKConfig  stm32f10x_rcc.o
    0x0800182c   0x00000020   Code   RO         2315    i.RCC_APB1PeriphClockCmd  stm32f10x_rcc.o
    0x0800184c   0x00000020   Code   RO         2317    i.RCC_APB2PeriphClockCmd  stm32f10x_rcc.o
    0x0800186c   0x00000020   Code   RO         2318    i.RCC_APB2PeriphResetCmd  stm32f10x_rcc.o
    0x0800188c   0x000000d4   Code   RO         2325    i.RCC_GetClocksFreq  stm32f10x_rcc.o
    0x08001960   0x00000064   Code   RO         3814    i.Read_Byte         dht11.o
    0x080019c4   0x000000ac   Code   RO         3815    i.Read_DHT11        dht11.o
    0x08001a70   0x0000002a   Code   RO          680    i.SHOW_PAGE         display.o
    0x08001a9a   0x00000002   Code   RO          181    i.SVC_Handler       stm32f10x_it.o
    0x08001a9c   0x00000008   Code   RO         3725    i.SetSysClock       system_stm32f10x.o
    0x08001aa4   0x000000e0   Code   RO         3726    i.SetSysClockTo72   system_stm32f10x.o
    0x08001b84   0x00000028   Code   RO          752    i.SysTick_CLKSourceConfig  misc.o
    0x08001bac   0x00000002   Code   RO          182    i.SysTick_Handler   stm32f10x_it.o
    0x08001bae   0x00000002   PAD
    0x08001bb0   0x00000044   Code   RO          282    i.SysTick_init      systick.o
    0x08001bf4   0x00000060   Code   RO         3728    i.SystemInit        system_stm32f10x.o
    0x08001c54   0x000000d4   Code   RO            1    i.System_init       main.o
    0x08001d28   0x00000040   Code   RO          623    i.TIM3_IRQHandler   time.o
    0x08001d68   0x00000068   Code   RO          624    i.TIME3_Init        time.o
    0x08001dd0   0x00000006   Code   RO         2944    i.TIM_ClearITPendingBit  stm32f10x_tim.o
    0x08001dd6   0x00000018   Code   RO         2949    i.TIM_Cmd           stm32f10x_tim.o
    0x08001dee   0x00000022   Code   RO         2970    i.TIM_GetITStatus   stm32f10x_tim.o
    0x08001e10   0x00000012   Code   RO         2974    i.TIM_ITConfig      stm32f10x_tim.o
    0x08001e22   0x00000002   PAD
    0x08001e24   0x000000a4   Code   RO         3020    i.TIM_TimeBaseInit  stm32f10x_tim.o
    0x08001ec8   0x00000064   Code   RO          183    i.USART1_IRQHandler  stm32f10x_it.o
    0x08001f2c   0x00000018   Code   RO         3485    i.USART_Cmd         stm32f10x_usart.o
    0x08001f44   0x0000001a   Code   RO         3488    i.USART_GetFlagStatus  stm32f10x_usart.o
    0x08001f5e   0x00000054   Code   RO         3489    i.USART_GetITStatus  stm32f10x_usart.o
    0x08001fb2   0x0000004a   Code   RO         3491    i.USART_ITConfig    stm32f10x_usart.o
    0x08001ffc   0x000000d8   Code   RO         3492    i.USART_Init        stm32f10x_usart.o
    0x080020d4   0x0000000a   Code   RO         3499    i.USART_ReceiveData  stm32f10x_usart.o
    0x080020de   0x00000008   Code   RO         3502    i.USART_SendData    stm32f10x_usart.o
    0x080020e6   0x00000002   PAD
    0x080020e8   0x000000b4   Code   RO          458    i.USART_init        uart.o
    0x0800219c   0x00000004   Code   RO          184    i.UsageFault_Handler  stm32f10x_it.o
    0x080021a0   0x00000020   Code   RO          459    i.UsartSend         uart.o
    0x080021c0   0x0000000e   Code   RO         3942    i.__scatterload_copy  mc_w.l(handlers.o)
    0x080021ce   0x00000002   Code   RO         3943    i.__scatterload_null  mc_w.l(handlers.o)
    0x080021d0   0x0000000e   Code   RO         3944    i.__scatterload_zeroinit  mc_w.l(handlers.o)
    0x080021de   0x00000002   PAD
    0x080021e0   0x0000004c   Code   RO          283    i.delay_ms          systick.o
    0x0800222c   0x0000004c   Code   RO          284    i.delay_us          systick.o
    0x08002278   0x0000006c   Code   RO          722    i.get_Show_Data     manager.o
    0x080022e4   0x00000034   Code   RO          647    i.init_Ex_interrupt  exinterrupt.o
    0x08002318   0x00000058   Code   RO            2    i.main              main.o
    0x08002370   0x00000016   Code   RO          319    i.oled_pow          oled.o
    0x08002386   0x00000002   PAD
    0x08002388   0x0000002c   Code   RO          462    i.send_Normal_data  uart.o
    0x080023b4   0x00000020   Code   RO          648    i.set_initGPIO      exinterrupt.o
    0x080023d4   0x00000818   Data   RO          320    .constdata          oled.o
    0x08002bec   0x00000020   Data   RO         3940    Region$$Table       anon$$obj.o


    Execution Region RW_IRAM1 (Base: 0x20000000, Size: 0x00000450, Max: 0x00005000, ABSOLUTE)

    Base Addr    Size         Type   Attr      Idx    E Section Name        Object

    0x20000000   0x00000001   Data   RW          185    .data               stm32f10x_it.o
    0x20000001   0x00000001   PAD
    0x20000002   0x00000004   Data   RW          285    .data               systick.o
    0x20000006   0x00000002   Data   RW          625    .data               time.o
    0x20000008   0x00000002   Data   RW          681    .data               display.o
    0x2000000a   0x00000014   Data   RW         2345    .data               stm32f10x_rcc.o
    0x2000001e   0x00000002   PAD
    0x20000020   0x00000014   Data   RW         3729    .data               system_stm32f10x.o
    0x20000034   0x0000000c   Zero   RW            3    .bss                main.o
    0x20000040   0x0000000a   Zero   RW          723    .bss                manager.o
    0x2000004a   0x00000006   PAD
    0x20000050   0x00000400   Zero   RW         3759    STACK               startup_stm32f10x_hd.o


==============================================================================

Image component sizes


      Code (inc. data)   RO Data    RW Data    ZI Data      Debug   Object Name

       214         12          0          0          0       1595   adc.o
       164         20          0          0          0       1371   bell.o
       112          0          0          0          0       1396   bh1750.o
       396         26          0          0          0       2694   dht11.o
       330         70          0          2          0       2508   display.o
       174          0          0          0          0       3127   exinterrupt.o
       252         26          0          0          0       1635   gp2y.o
       300         20          0          0         12     265664   main.o
       172          8          0          0         10       1536   manager.o
       172         22          0          0          0       1909   misc.o
        40          0          0          0          0        510   mq-2.o
       658        100          0          0          0       4354   myiic.o
       954         32       2072          0          0     209205   oled.o
        36          8        304          0       1024        784   startup_stm32f10x_hd.o
       486         24          0          0          0       8082   stm32f10x_adc.o
       200         18          0          0          0       1952   stm32f10x_exti.o
       512         10          0          0          0       4820   stm32f10x_gpio.o
       202         20          0          1          0       4949   stm32f10x_it.o
       332         44          0         20          0       5302   stm32f10x_rcc.o
       246         42          0          0          0       3326   stm32f10x_tim.o
       442          6          0          0          0       5809   stm32f10x_usart.o
         0          0          0          0          0         32   sys.o
       328         28          0         20          0       2089   system_stm32f10x.o
       220         26          0          4          0       1577   systick.o
       168         18          0          2          0       1206   time.o
       256         22          0          0          0       1548   uart.o

    ----------------------------------------------------------------------
      7398        602       2408         52       1052     538980   Object Totals
         0          0         32          0          0          0   (incl. Generated)
        32          0          0          3          6          0   (incl. Padding)

    ----------------------------------------------------------------------

      Code (inc. data)   RO Data    RW Data    ZI Data      Debug   Library Member Name

         0          0          0          0          0          0   entry.o
         0          0          0          0          0          0   entry10a.o
         0          0          0          0          0          0   entry11a.o
         8          4          0          0          0          0   entry2.o
         4          0          0          0          0          0   entry5.o
         0          0          0          0          0          0   entry7b.o
         0          0          0          0          0          0   entry8b.o
         8          4          0          0          0          0   entry9a.o
        30          0          0          0          0          0   handlers.o
        36          8          0          0          0         68   init.o
         0          0          0          0          0          0   iusefp.o
        30          0          0          0          0         68   llshl.o
        32          0          0          0          0         68   llushr.o
        56          0          0          0          0         88   d2f.o
       222          0          0          0          0        100   ddiv.o
       186          0          0          0          0        176   depilogue.o
        50          0          0          0          0         76   dfixui.o
        26          0          0          0          0         76   dfltui.o
       228          0          0          0          0         96   dmul.o
       176          0          0          0          0        140   fadd.o
       124          0          0          0          0         88   fdiv.o
       110          0          0          0          0        168   fepilogue.o
        40          0          0          0          0         68   ffixui.o
       100          0          0          0          0         76   fmul.o

    ----------------------------------------------------------------------
      1470         16          0          0          0       1356   Library Totals
         4          0          0          0          0          0   (incl. Padding)

    ----------------------------------------------------------------------

      Code (inc. data)   RO Data    RW Data    ZI Data      Debug   Library Name

       148         16          0          0          0        204   mc_w.l
      1318          0          0          0          0       1152   mf_w.l

    ----------------------------------------------------------------------
      1470         16          0          0          0       1356   Library Totals

    ----------------------------------------------------------------------

==============================================================================


      Code (inc. data)   RO Data    RW Data    ZI Data      Debug   

      8868        618       2408         52       1052     534300   Grand Totals
      8868        618       2408         52       1052     534300   ELF Image Totals
      8868        618       2408         52          0          0   ROM Totals

==============================================================================

    Total RO  Size (Code + RO Data)                11276 (  11.01kB)
    Total RW  Size (RW Data + ZI Data)              1104 (   1.08kB)
    Total ROM Size (Code + RO Data + RW Data)      11328 (  11.06kB)

==============================================================================

