<html>
<body>
<pre>
<h1>礦ision Build Log</h1>
<h2>Tool Versions:</h2>
IDE-Version: μVision V5.14.0.0
Copyright (C) 2015 ARM Ltd and ARM Germany GmbH. All rights reserved.
License Information: zhang huan, caf, LIC=GE7DY-I0KVU-MSZYP-M9G5N-2SW4N-EDYAT
 
Tool Versions:
Toolchain:       MDK-ARM Professional  Version: 5.14.0.0
Toolchain Path:  D:\Program Files (x86)\MDK\ARM\ARMCC\Bin
C Compiler:      Armcc.exe V5.05 update 1 (build 106)
Assembler:       Armasm.exe V5.05 update 1 (build 106)
Linker/Locator:  ArmLink.exe V5.05 update 1 (build 106)
Library Manager: ArmAr.exe V5.05 update 1 (build 106)
Hex Converter:   FromElf.exe V5.05 update 1 (build 106)
CPU DLL:         SARMCM3.DLL V5.14.0.0
Dialog DLL:      DARMSTM.DLL V1.65.0.0
Target DLL:      Segger\JL2CM3.dll V2.99.13.0
Dialog DLL:      TARMSTM.DLL V1.64.0.0
 
<h2>Project:</h2>
G:\实验项目\Graduation-Project\Stm32\Project\example.uvproj
Project File Date:  04/15/2018

<h2>Output:</h2>
Build target 'Target 1'
compiling stm32f10x_it.c...
..\User\stm32f10x_it.c(3): warning:  #260-D: explicit type is missing ("int" assumed)
  extern PAGE;
..\User\stm32f10x_it.c(4): warning:  #260-D: explicit type is missing ("int" assumed)
  extern Clear_Oled;
..\User\stm32f10x_it.c: 2 warnings, 0 errors
compiling UART.c...
linking...
Program Size: Code=8868 RO-data=2408 RW-data=52 ZI-data=1052  
FromELF: creating hex file...
".\Objects\example.axf" - 0 Error(s), 2 Warning(s).
</pre>
</body>
</html>
